Func: sqrt returns type int [line: 2]
.   Child: 0  Parm: x of type int [line: 2]
.   Child: 1  Compound [line: 3]
.   .   Child: 0  Var: guess of type int [line: 4]
.   .   Sibling: 1  Var: newguess of type int [line: 5]
.   .   Child: 1  If [line: 7]
.   .   .   Child: 0  Op: == [line: 7]
.   .   .   .   Child: 0  Id: x [line: 7]
.   .   .   .   Child: 1  Const of type int: 1 [line: 7]
.   .   .   Child: 1  Return [line: 7]
.   .   .   .   Child: 0  Const of type int: 1 [line: 7]
.   .   Sibling: 1  Assign: = [line: 8]
.   .   .   Child: 0  Id: guess [line: 8]
.   .   .   Child: 1  Op: / [line: 8]
.   .   .   .   Child: 0  Id: x [line: 8]
.   .   .   .   Child: 1  Const of type int: 2 [line: 8]
.   .   Sibling: 2  Assign: = [line: 9]
.   .   .   Child: 0  Id: newguess [line: 9]
.   .   .   Child: 1  Op: / [line: 9]
.   .   .   .   Child: 0  Op: + [line: 9]
.   .   .   .   .   Child: 0  Op: / [line: 9]
.   .   .   .   .   .   Child: 0  Id: x [line: 9]
.   .   .   .   .   .   Child: 1  Id: guess [line: 9]
.   .   .   .   .   Child: 1  Id: guess [line: 9]
.   .   .   .   Child: 1  Const of type int: 2 [line: 9]
.   .   Sibling: 3  While [line: 10]
.   .   .   Child: 0  Op: > [line: 10]
.   .   .   .   Child: 0  Op: - [line: 10]
.   .   .   .   .   Child: 0  Id: guess [line: 10]
.   .   .   .   .   Child: 1  Id: newguess [line: 10]
.   .   .   .   Child: 1  Const of type int: 1 [line: 10]
.   .   .   Child: 1  Compound [line: 10]
.   .   .   .   Child: 1  Assign: = [line: 11]
.   .   .   .   .   Child: 0  Id: guess [line: 11]
.   .   .   .   .   Child: 1  Id: newguess [line: 11]
.   .   .   .   Sibling: 1  Assign: = [line: 12]
.   .   .   .   .   Child: 0  Id: newguess [line: 12]
.   .   .   .   .   Child: 1  Op: / [line: 12]
.   .   .   .   .   .   Child: 0  Op: + [line: 12]
.   .   .   .   .   .   .   Child: 0  Op: / [line: 12]
.   .   .   .   .   .   .   .   Child: 0  Id: x [line: 12]
.   .   .   .   .   .   .   .   Child: 1  Id: guess [line: 12]
.   .   .   .   .   .   .   Child: 1  Id: guess [line: 12]
.   .   .   .   .   .   Child: 1  Const of type int: 2 [line: 12]
.   .   Sibling: 4  If [line: 14]
.   .   .   Child: 0  Op: > [line: 14]
.   .   .   .   Child: 0  Op: * [line: 14]
.   .   .   .   .   Child: 0  Id: newguess [line: 14]
.   .   .   .   .   Child: 1  Id: newguess [line: 14]
.   .   .   .   Child: 1  Id: x [line: 14]
.   .   .   Child: 1  Assign: = [line: 14]
.   .   .   .   Child: 0  Id: newguess [line: 14]
.   .   .   .   Child: 1  Op: - [line: 14]
.   .   .   .   .   Child: 0  Id: newguess [line: 14]
.   .   .   .   .   Child: 1  Const of type int: 1 [line: 14]
.   .   Sibling: 5  Return [line: 16]
.   .   .   Child: 0  Id: newguess [line: 16]
Sibling: 1  Func: main returns type void [line: 21]
.   Child: 1  Compound [line: 22]
.   .   Child: 0  Var: n of type int [line: 23]
.   .   Sibling: 1  Var: i of type int [line: 24]
.   .   Child: 1  While [line: 26]
.   .   .   Child: 0  Op: > [line: 26]
.   .   .   .   Child: 0  Assign: = [line: 26]
.   .   .   .   .   Child: 0  Id: n [line: 26]
.   .   .   .   .   Child: 1  Call: input [line: 26]
.   .   .   .   Child: 1  Const of type int: 1 [line: 26]
.   .   .   Child: 1  Compound [line: 26]
.   .   .   .   Child: 0  Var: limit of type int [line: 27]
.   .   .   .   Child: 1  Assign: = [line: 28]
.   .   .   .   .   Child: 0  Id: limit [line: 28]
.   .   .   .   .   Child: 1  Call: sqrt [line: 28]
.   .   .   .   .   .   Child: 0  Id: n [line: 28]
.   .   .   .   Sibling: 1  While [line: 31]
.   .   .   .   .   Child: 0  Op: == [line: 31]
.   .   .   .   .   .   Child: 0  Op: % [line: 31]
.   .   .   .   .   .   .   Child: 0  Id: n [line: 31]
.   .   .   .   .   .   .   Child: 1  Const of type int: 2 [line: 31]
.   .   .   .   .   .   Child: 1  Const of type int: 0 [line: 31]
.   .   .   .   .   Child: 1  Compound [line: 31]
.   .   .   .   .   .   Child: 1  Call: output [line: 32]
.   .   .   .   .   .   .   Child: 0  Const of type int: 2 [line: 32]
.   .   .   .   .   .   Sibling: 1  Assign: = [line: 33]
.   .   .   .   .   .   .   Child: 0  Id: n [line: 33]
.   .   .   .   .   .   .   Child: 1  Op: / [line: 33]
.   .   .   .   .   .   .   .   Child: 0  Id: n [line: 33]
.   .   .   .   .   .   .   .   Child: 1  Const of type int: 2 [line: 33]
.   .   .   .   Sibling: 2  Assign: = [line: 37]
.   .   .   .   .   Child: 0  Id: i [line: 37]
.   .   .   .   .   Child: 1  Const of type int: 3 [line: 37]
.   .   .   .   Sibling: 3  While [line: 38]
.   .   .   .   .   Child: 0  Op: <= [line: 38]
.   .   .   .   .   .   Child: 0  Id: i [line: 38]
.   .   .   .   .   .   Child: 1  Id: limit [line: 38]
.   .   .   .   .   Child: 1  Compound [line: 38]
.   .   .   .   .   .   Child: 1  While [line: 39]
.   .   .   .   .   .   .   Child: 0  Op: == [line: 39]
.   .   .   .   .   .   .   .   Child: 0  Op: % [line: 39]
.   .   .   .   .   .   .   .   .   Child: 0  Id: n [line: 39]
.   .   .   .   .   .   .   .   .   Child: 1  Id: i [line: 39]
.   .   .   .   .   .   .   .   Child: 1  Const of type int: 0 [line: 39]
.   .   .   .   .   .   .   Child: 1  Compound [line: 39]
.   .   .   .   .   .   .   .   Child: 1  Call: output [line: 40]
.   .   .   .   .   .   .   .   .   Child: 0  Id: i [line: 40]
.   .   .   .   .   .   .   .   Sibling: 1  Assign: = [line: 41]
.   .   .   .   .   .   .   .   .   Child: 0  Id: n [line: 41]
.   .   .   .   .   .   .   .   .   Child: 1  Op: / [line: 41]
.   .   .   .   .   .   .   .   .   .   Child: 0  Id: n [line: 41]
.   .   .   .   .   .   .   .   .   .   Child: 1  Id: i [line: 41]
.   .   .   .   .   .   .   .   Sibling: 2  Assign: = [line: 42]
.   .   .   .   .   .   .   .   .   Child: 0  Id: limit [line: 42]
.   .   .   .   .   .   .   .   .   Child: 1  Call: sqrt [line: 42]
.   .   .   .   .   .   .   .   .   .   Child: 0  Id: n [line: 42]
.   .   .   .   .   .   Sibling: 1  Assign: = [line: 44]
.   .   .   .   .   .   .   Child: 0  Id: i [line: 44]
.   .   .   .   .   .   .   Child: 1  Op: + [line: 44]
.   .   .   .   .   .   .   .   Child: 0  Id: i [line: 44]
.   .   .   .   .   .   .   .   Child: 1  Const of type int: 2 [line: 44]
.   .   .   .   Sibling: 4  If [line: 47]
.   .   .   .   .   Child: 0  Op: > [line: 47]
.   .   .   .   .   .   Child: 0  Id: n [line: 47]
.   .   .   .   .   .   Child: 1  Const of type int: 1 [line: 47]
.   .   .   .   .   Child: 1  Call: output [line: 47]
.   .   .   .   .   .   Child: 0  Id: n [line: 47]
.   .   .   .   Sibling: 5  Call: outnl [line: 48]
