Var: row is array of type int [line: 7]
Sibling: 1  Var: col is array of type int [line: 8]
Sibling: 2  Var: diagone is array of type int [line: 9]
Sibling: 3  Var: diagtwo is array of type int [line: 10]
Sibling: 4  Var: n of type int [line: 11]
Sibling: 5  Var: count of type int [line: 12]
Sibling: 6  Func: printboard returns type void [line: 14]
.   Child: 0  Parm: col is array of type int [line: 14]
.   Child: 1  Compound [line: 15]
.   .   Child: 0  Var: i of type int [line: 16]
.   .   Child: 1  Assign: = [line: 18]
.   .   .   Child: 0  Id: i [line: 18]
.   .   .   Child: 1  Const of type int: 0 [line: 18]
.   .   Sibling: 1  While [line: 19]
.   .   .   Child: 0  Op: < [line: 19]
.   .   .   .   Child: 0  Id: i [line: 19]
.   .   .   .   Child: 1  Id: n [line: 19]
.   .   .   Child: 1  Compound [line: 19]
.   .   .   .   Child: 1  Call: output [line: 20]
.   .   .   .   .   Child: 0  Op: [ [line: 20]
.   .   .   .   .   .   Child: 0  Id: col [line: 20]
.   .   .   .   .   .   Child: 1  Id: i [line: 20]
.   .   .   .   Sibling: 1  Assign: ++ [line: 21]
.   .   .   .   .   Child: 0  Id: i [line: 21]
.   .   Sibling: 2  Call: outnl [line: 23]
.   .   Sibling: 3  Assign: ++ [line: 24]
.   .   .   Child: 0  Id: count [line: 24]
Sibling: 7  Func: try returns type int [line: 27]
.   Child: 0  Parm: c of type int [line: 27]
.   Child: 1  Compound [line: 28]
.   .   Child: 0  Var: r of type int [line: 29]
.   .   Child: 1  If [line: 31]
.   .   .   Child: 0  Op: == [line: 31]
.   .   .   .   Child: 0  Id: c [line: 31]
.   .   .   .   Child: 1  Id: n [line: 31]
.   .   .   Child: 1  Call: printboard [line: 32]
.   .   .   .   Child: 0  Id: col [line: 32]
.   .   .   Child: 2  Compound [line: 33]
.   .   .   .   Child: 1  Assign: = [line: 34]
.   .   .   .   .   Child: 0  Id: r [line: 34]
.   .   .   .   .   Child: 1  Const of type int: 0 [line: 34]
.   .   .   .   Sibling: 1  While [line: 35]
.   .   .   .   .   Child: 0  Op: < [line: 35]
.   .   .   .   .   .   Child: 0  Id: r [line: 35]
.   .   .   .   .   .   Child: 1  Id: n [line: 35]
.   .   .   .   .   Child: 1  Compound [line: 35]
.   .   .   .   .   .   Child: 1  If [line: 36]
.   .   .   .   .   .   .   Child: 0  Op: AND [line: 36]
.   .   .   .   .   .   .   .   Child: 0  Op: AND [line: 36]
.   .   .   .   .   .   .   .   .   Child: 0  Op: == [line: 36]
.   .   .   .   .   .   .   .   .   .   Child: 0  Op: [ [line: 36]
.   .   .   .   .   .   .   .   .   .   .   Child: 0  Id: row [line: 36]
.   .   .   .   .   .   .   .   .   .   .   Child: 1  Id: r [line: 36]
.   .   .   .   .   .   .   .   .   .   Child: 1  Const of type int: 0 [line: 36]
.   .   .   .   .   .   .   .   .   Child: 1  Op: == [line: 36]
.   .   .   .   .   .   .   .   .   .   Child: 0  Op: [ [line: 36]
.   .   .   .   .   .   .   .   .   .   .   Child: 0  Id: diagone [line: 36]
.   .   .   .   .   .   .   .   .   .   .   Child: 1  Op: + [line: 36]
.   .   .   .   .   .   .   .   .   .   .   .   Child: 0  Id: r [line: 36]
.   .   .   .   .   .   .   .   .   .   .   .   Child: 1  Id: c [line: 36]
.   .   .   .   .   .   .   .   .   .   Child: 1  Const of type int: 0 [line: 36]
.   .   .   .   .   .   .   .   Child: 1  Op: == [line: 36]
.   .   .   .   .   .   .   .   .   Child: 0  Op: [ [line: 36]
.   .   .   .   .   .   .   .   .   .   Child: 0  Id: diagtwo [line: 36]
.   .   .   .   .   .   .   .   .   .   Child: 1  Op: - [line: 36]
.   .   .   .   .   .   .   .   .   .   .   Child: 0  Op: + [line: 36]
.   .   .   .   .   .   .   .   .   .   .   .   Child: 0  Id: r [line: 36]
.   .   .   .   .   .   .   .   .   .   .   .   Child: 1  Op: - [line: 36]
.   .   .   .   .   .   .   .   .   .   .   .   .   Child: 0  Id: n [line: 36]
.   .   .   .   .   .   .   .   .   .   .   .   .   Child: 1  Const of type int: 1 [line: 36]
.   .   .   .   .   .   .   .   .   .   .   Child: 1  Id: c [line: 36]
.   .   .   .   .   .   .   .   .   Child: 1  Const of type int: 0 [line: 36]
.   .   .   .   .   .   .   Child: 1  Compound [line: 36]
.   .   .   .   .   .   .   .   Child: 1  Assign: = [line: 37]
.   .   .   .   .   .   .   .   .   Child: 0  Op: [ [line: 37]
.   .   .   .   .   .   .   .   .   .   Child: 0  Id: row [line: 37]
.   .   .   .   .   .   .   .   .   .   Child: 1  Id: r [line: 37]
.   .   .   .   .   .   .   .   .   Child: 1  Const of type int: 1 [line: 37]
.   .   .   .   .   .   .   .   Sibling: 1  Assign: = [line: 38]
.   .   .   .   .   .   .   .   .   Child: 0  Op: [ [line: 38]
.   .   .   .   .   .   .   .   .   .   Child: 0  Id: col [line: 38]
.   .   .   .   .   .   .   .   .   .   Child: 1  Id: c [line: 38]
.   .   .   .   .   .   .   .   .   Child: 1  Id: r [line: 38]
.   .   .   .   .   .   .   .   Sibling: 2  Assign: = [line: 39]
.   .   .   .   .   .   .   .   .   Child: 0  Op: [ [line: 39]
.   .   .   .   .   .   .   .   .   .   Child: 0  Id: diagone [line: 39]
.   .   .   .   .   .   .   .   .   .   Child: 1  Op: + [line: 39]
.   .   .   .   .   .   .   .   .   .   .   Child: 0  Id: r [line: 39]
.   .   .   .   .   .   .   .   .   .   .   Child: 1  Id: c [line: 39]
.   .   .   .   .   .   .   .   .   Child: 1  Const of type int: 1 [line: 39]
.   .   .   .   .   .   .   .   Sibling: 3  Assign: = [line: 40]
.   .   .   .   .   .   .   .   .   Child: 0  Op: [ [line: 40]
.   .   .   .   .   .   .   .   .   .   Child: 0  Id: diagtwo [line: 40]
.   .   .   .   .   .   .   .   .   .   Child: 1  Op: - [line: 40]
.   .   .   .   .   .   .   .   .   .   .   Child: 0  Op: + [line: 40]
.   .   .   .   .   .   .   .   .   .   .   .   Child: 0  Id: r [line: 40]
.   .   .   .   .   .   .   .   .   .   .   .   Child: 1  Op: - [line: 40]
.   .   .   .   .   .   .   .   .   .   .   .   .   Child: 0  Id: n [line: 40]
.   .   .   .   .   .   .   .   .   .   .   .   .   Child: 1  Const of type int: 1 [line: 40]
.   .   .   .   .   .   .   .   .   .   .   Child: 1  Id: c [line: 40]
.   .   .   .   .   .   .   .   .   Child: 1  Const of type int: 1 [line: 40]
.   .   .   .   .   .   .   .   Sibling: 4  Call: try [line: 41]
.   .   .   .   .   .   .   .   .   Child: 0  Op: + [line: 41]
.   .   .   .   .   .   .   .   .   .   Child: 0  Id: c [line: 41]
.   .   .   .   .   .   .   .   .   .   Child: 1  Const of type int: 1 [line: 41]
.   .   .   .   .   .   .   .   Sibling: 5  Assign: = [line: 42]
.   .   .   .   .   .   .   .   .   Child: 0  Op: [ [line: 42]
.   .   .   .   .   .   .   .   .   .   Child: 0  Id: row [line: 42]
.   .   .   .   .   .   .   .   .   .   Child: 1  Id: r [line: 42]
.   .   .   .   .   .   .   .   .   Child: 1  Const of type int: 0 [line: 42]
.   .   .   .   .   .   .   .   Sibling: 6  Assign: = [line: 43]
.   .   .   .   .   .   .   .   .   Child: 0  Op: [ [line: 43]
.   .   .   .   .   .   .   .   .   .   Child: 0  Id: diagone [line: 43]
.   .   .   .   .   .   .   .   .   .   Child: 1  Op: + [line: 43]
.   .   .   .   .   .   .   .   .   .   .   Child: 0  Id: r [line: 43]
.   .   .   .   .   .   .   .   .   .   .   Child: 1  Id: c [line: 43]
.   .   .   .   .   .   .   .   .   Child: 1  Const of type int: 0 [line: 43]
.   .   .   .   .   .   .   .   Sibling: 7  Assign: = [line: 44]
.   .   .   .   .   .   .   .   .   Child: 0  Op: [ [line: 44]
.   .   .   .   .   .   .   .   .   .   Child: 0  Id: diagtwo [line: 44]
.   .   .   .   .   .   .   .   .   .   Child: 1  Op: - [line: 44]
.   .   .   .   .   .   .   .   .   .   .   Child: 0  Op: + [line: 44]
.   .   .   .   .   .   .   .   .   .   .   .   Child: 0  Id: r [line: 44]
.   .   .   .   .   .   .   .   .   .   .   .   Child: 1  Op: - [line: 44]
.   .   .   .   .   .   .   .   .   .   .   .   .   Child: 0  Id: n [line: 44]
.   .   .   .   .   .   .   .   .   .   .   .   .   Child: 1  Const of type int: 1 [line: 44]
.   .   .   .   .   .   .   .   .   .   .   Child: 1  Id: c [line: 44]
.   .   .   .   .   .   .   .   .   Child: 1  Const of type int: 0 [line: 44]
.   .   .   .   .   .   Sibling: 1  Assign: ++ [line: 46]
.   .   .   .   .   .   .   Child: 0  Id: r [line: 46]
Sibling: 8  Func: solve returns type int [line: 53]
.   Child: 0  Parm: num of type int [line: 53]
.   Child: 1  Compound [line: 54]
.   .   Child: 1  Assign: = [line: 55]
.   .   .   Child: 0  Id: n [line: 55]
.   .   .   Child: 1  Id: num [line: 55]
.   .   Sibling: 1  Assign: = [line: 56]
.   .   .   Child: 0  Id: count [line: 56]
.   .   .   Child: 1  Const of type int: 0 [line: 56]
.   .   Sibling: 2  Call: try [line: 57]
.   .   .   Child: 0  Const of type int: 0 [line: 57]
.   .   Sibling: 3  Return [line: 59]
.   .   .   Child: 0  Id: count [line: 59]
Sibling: 9  Func: main returns type void [line: 63]
.   Child: 1  Compound [line: 64]
.   .   Child: 0  Var: num of type int [line: 65]
.   .   Child: 1  While [line: 67]
.   .   .   Child: 0  Op: > [line: 67]
.   .   .   .   Child: 0  Assign: = [line: 67]
.   .   .   .   .   Child: 0  Id: num [line: 67]
.   .   .   .   .   Child: 1  Call: input [line: 67]
.   .   .   .   Child: 1  Const of type int: 0 [line: 67]
.   .   .   Child: 1  Compound [line: 67]
.   .   .   .   Child: 1  Call: output [line: 68]
.   .   .   .   .   Child: 0  Call: solve [line: 68]
.   .   .   .   .   .   Child: 0  Id: num [line: 68]
.   .   .   .   Sibling: 1  Call: outnl [line: 69]
