Var: a of type int [line: 1]
Sibling: 1  Func: dogs returns type bool [line: 3]
.   Child: 0  Parm: x of type int [line: 3]
.   Sibling: 1  Parm: y of type int [line: 3]
.   Child: 1  Compound [line: 4]
.   .   Child: 0  Var: a of type char [line: 5]
.   .   Child: 1  Compound [line: 6]
.   .   .   Child: 0  Var: a of type bool [line: 7]
.   .   .   Child: 1  Assign: = [line: 9]
.   .   .   .   Child: 0  Id: a [line: 9]
.   .   .   .   Child: 1  Const of type bool: true [line: 9]
.   .   Sibling: 1  Assign: = [line: 11]
.   .   .   Child: 0  Id: a [line: 11]
.   .   .   Child: 1  Const of type char: 'z' [line: 11]
.   .   Sibling: 2  Return [line: 12]
.   .   .   Child: 0  Const of type bool: false [line: 12]
Sibling: 2  Func: cats returns type int [line: 15]
.   Child: 1  Compound [line: 16]
.   .   Child: 1  Assign: = [line: 17]
.   .   .   Child: 0  Id: a [line: 17]
.   .   .   Child: 1  Call: dogs [line: 17]
.   .   .   .   Child: 0  Id: a [line: 17]
.   .   .   .   Sibling: 1  Const of type char: 'z' [line: 17]
.   .   Sibling: 1  Assign: = [line: 18]
.   .   .   Child: 0  Id: a [line: 18]
.   .   .   Child: 1  Const of type int: 666 [line: 18]
.   .   Sibling: 2  Return [line: 20]
.   .   .   Child: 0  Id: a [line: 20]
