Func: main returns type void [line: 1]
.   Child: 1  Compound [line: 2]
.   .   Child: 0  Var: z of type int [line: 3]
.   .   Child: 1  For [line: 5]
.   .   .   Child: 0  Var: index of type int [line: 5]
.   .   .   Child: 1  Range [line: 5]
.   .   .   .   Child: 0  Const of type int: 1 [line: 5]
.   .   .   .   Child: 1  Const of type int: 10 [line: 5]
.   .   .   Child: 2  Break [line: 5]
.   .   Sibling: 1  For [line: 6]
.   .   .   Child: 0  Var: index of type int [line: 6]
.   .   .   Child: 1  Range [line: 6]
.   .   .   .   Child: 0  Const of type int: 1 [line: 6]
.   .   .   .   Child: 1  Const of type int: 10 [line: 6]
.   .   .   .   Child: 2  Const of type int: 351 [line: 6]
.   .   .   Child: 2  Break [line: 6]
.   .   .   .   Child: 0  Assign: = [line: 6]
.   .   .   .   .   Child: 0  Id: z [line: 6]
.   .   .   .   .   Child: 1  Op: + [line: 6]
.   .   .   .   .   .   Child: 0  Const of type int: 231 [line: 6]
.   .   .   .   .   .   Child: 1  Const of type int: 56 [line: 6]
.   .   Sibling: 2  For [line: 8]
.   .   .   Child: 0  Var: cheese of type int [line: 8]
.   .   .   Child: 1  Range [line: 8]
.   .   .   .   Child: 0  Const of type int: 1 [line: 8]
.   .   .   .   Child: 1  Const of type int: 10 [line: 8]
.   .   .   Child: 2  For [line: 8]
.   .   .   .   Child: 0  Var: crackers of type int [line: 8]
.   .   .   .   Child: 1  Range [line: 8]
.   .   .   .   .   Child: 0  Const of type int: 1 [line: 8]
.   .   .   .   .   Child: 1  Const of type int: 19 [line: 8]
.   .   .   .   Child: 2  Break [line: 8]
.   .   Sibling: 3  For [line: 9]
.   .   .   Child: 0  Var: cheese of type int [line: 9]
.   .   .   Child: 1  Range [line: 9]
.   .   .   .   Child: 0  Const of type int: 1 [line: 9]
.   .   .   .   Child: 1  Const of type int: 10 [line: 9]
.   .   .   Child: 2  Compound [line: 9]
.   .   .   .   Child: 1  For [line: 10]
.   .   .   .   .   Child: 0  Var: crackers of type int [line: 10]
.   .   .   .   .   Child: 1  Range [line: 10]
.   .   .   .   .   .   Child: 0  Const of type int: 1 [line: 10]
.   .   .   .   .   .   Child: 1  Const of type int: 19 [line: 10]
.   .   .   .   .   Child: 2  Break [line: 10]
.   .   .   .   Sibling: 1  Op: ? [line: 11]
.   .   .   .   .   Child: 0  Id: z [line: 11]
.   .   Sibling: 4  Return [line: 13]
