Func: main returns type int [line: 2]
.   Child: 0  Parm: q of type int [line: 2]
.   Child: 1  Compound [line: 3]
.   .   Child: 0  Var: x of type int [line: 4]
.   .   Sibling: 1  Var: y of type int [line: 4]
.   .   Sibling: 2  Var: z of type int [line: 4]
.   .   Child: 1  If [line: 6]
.   .   .   Child: 0  Op: >= [line: 6]
.   .   .   .   Child: 0  Id: x [line: 6]
.   .   .   .   Child: 1  Const of type int: 0 [line: 6]
.   .   .   Child: 1  If [line: 7]
.   .   .   .   Child: 0  Const of type bool: true [line: 7]
.   .   .   .   Child: 1  Id: x [line: 7]
.   .   .   .   Child: 2  Id: y [line: 8]
.   .   Sibling: 1  Const of type int: 111 [line: 10]
.   .   Sibling: 2  If [line: 12]
.   .   .   Child: 0  Op: >= [line: 12]
.   .   .   .   Child: 0  Id: y [line: 12]
.   .   .   .   Child: 1  Const of type int: 0 [line: 12]
.   .   .   Child: 1  Id: y [line: 12]
.   .   .   Child: 2  If [line: 13]
.   .   .   .   Child: 0  Const of type bool: true [line: 13]
.   .   .   .   Child: 1  Id: z [line: 13]
.   .   Sibling: 3  Const of type int: 222 [line: 15]
.   .   Sibling: 4  If [line: 17]
.   .   .   Child: 0  Op: >= [line: 17]
.   .   .   .   Child: 0  Id: y [line: 17]
.   .   .   .   Child: 1  Const of type int: 0 [line: 17]
.   .   .   Child: 1  Id: y [line: 17]
.   .   .   Child: 2  If [line: 18]
.   .   .   .   Child: 0  Const of type bool: true [line: 18]
.   .   .   .   Child: 1  Id: z [line: 18]
.   .   .   .   Child: 2  Id: x [line: 19]
.   .   Sibling: 5  Const of type int: 333 [line: 21]
.   .   Sibling: 6  If [line: 23]
.   .   .   Child: 0  Op: >= [line: 23]
.   .   .   .   Child: 0  Id: x [line: 23]
.   .   .   .   Child: 1  Const of type int: 0 [line: 23]
.   .   .   Child: 1  If [line: 23]
.   .   .   .   Child: 0  Const of type bool: true [line: 23]
.   .   .   .   Child: 1  Id: x [line: 23]
.   .   .   .   Child: 2  Id: y [line: 24]
.   .   .   Child: 2  Id: z [line: 25]
.   .   Sibling: 7  Return [line: 27]
.   .   .   Child: 0  Const of type int: 0 [line: 27]
