Line 1 Token: /
Line 1 Token: *
Line 1 Token: ID Value: closures
Line 1 Token: FOR
Line 1 Token: ID Value: bison
Line 3 Token: ID Value: copyright
Line 3 Token: (
Line 3 Token: ID Value: c
Line 3 Token: )
Line 3 Token: NUMCONST Value: 1984  Input: 1984
Line 3 Token: ,
Line 3 Token: NUMCONST Value: 1989  Input: 1989
Line 3 Token: ,
Line 3 Token: NUMCONST Value: 2000  Input: 2000
Line 3 Token: ,
Line 3 Token: NUMCONST Value: 2001  Input: 2001
Line 3 Token: ,
Line 3 Token: NUMCONST Value: 2002  Input: 2002
Line 3 Token: ,
Line 3 Token: NUMCONST Value: 2004  Input: 2004
Line 3 Token: ,
Line 3 Token: NUMCONST Value: 2005  Input: 2005
Line 3 Token: ID Value: free
Line 4 Token: ID Value: software
Line 4 Token: ID Value: foundation
Line 4 Token: ,
Line 4 Token: ID Value: inc
ERROR(4): Invalid or misplaced input character: '.'. Character Ignored.
Line 6 Token: ID Value: this
Line 6 Token: ID Value: file
Line 6 Token: ID Value: is
Line 6 Token: ID Value: part
Line 6 Token: ID Value: of
Line 6 Token: ID Value: bison
Line 6 Token: ,
Line 6 Token: ID Value: the
Line 6 Token: ID Value: gnu
Line 6 Token: ID Value: compiler
Line 6 Token: ID Value: compiler
ERROR(6): Invalid or misplaced input character: '.'. Character Ignored.
Line 8 Token: ID Value: you
Line 8 Token: ID Value: should
Line 8 Token: ID Value: have
Line 8 Token: ID Value: received
Line 8 Token: ID Value: a
Line 8 Token: ID Value: copy
Line 8 Token: ID Value: of
Line 8 Token: ID Value: the
Line 8 Token: ID Value: gnu
Line 8 Token: ID Value: general
Line 8 Token: ID Value: public
Line 8 Token: ID Value: license
Line 9 Token: ID Value: along
Line 9 Token: ID Value: with
Line 9 Token: ID Value: bison
Line 9 Token: ;
Line 9 Token: ID Value: see
Line 9 Token: ID Value: the
Line 9 Token: ID Value: file
Line 9 Token: ID Value: copying
ERROR(9): Invalid or misplaced input character: '.'. Character Ignored.
Line 9 Token: IF
Line 9 Token: NOT
Line 9 Token: ,
Line 9 Token: ID Value: write
Line 9 Token: TO
Line 9 Token: ID Value: the
Line 9 Token: ID Value: free
Line 10 Token: ID Value: software
Line 10 Token: ID Value: foundation
Line 10 Token: ,
Line 10 Token: ID Value: inc
ERROR(10): Invalid or misplaced input character: '.'. Character Ignored.
Line 10 Token: ,
Line 10 Token: NUMCONST Value: 51  Input: 51
Line 10 Token: ID Value: franklin
Line 10 Token: ID Value: street
Line 10 Token: ,
Line 10 Token: ID Value: fifth
Line 10 Token: ID Value: floor
Line 10 Token: ,
Line 10 Token: ID Value: boston
Line 10 Token: ,
Line 10 Token: ID Value: ma
Line 11 Token: NUMCONST Value: 2110  Input: 02110
Line 11 Token: -
Line 11 Token: NUMCONST Value: 1301  Input: 1301
Line 11 Token: ,
Line 11 Token: ID Value: usa
ERROR(11): Invalid or misplaced input character: '.'. Character Ignored.
Line 11 Token: *
Line 11 Token: /
ERROR(13): Invalid or misplaced input character: '#'. Character Ignored.
Line 13 Token: ID Value: include
Line 13 Token: <
Line 13 Token: ID Value: config
ERROR(13): Invalid or misplaced input character: '.'. Character Ignored.
Line 13 Token: ID Value: h
Line 13 Token: >
ERROR(14): Invalid or misplaced input character: '#'. Character Ignored.
Line 14 Token: ID Value: include
Line 14 Token: STRINGCONST Value: "system.h" Len: 8  Input: "system.h"
ERROR(16): Invalid or misplaced input character: '#'. Character Ignored.
Line 16 Token: ID Value: include
Line 16 Token: <
Line 16 Token: ID Value: bitset
ERROR(16): Invalid or misplaced input character: '.'. Character Ignored.
Line 16 Token: ID Value: h
Line 16 Token: >
ERROR(17): Invalid or misplaced input character: '#'. Character Ignored.
Line 17 Token: ID Value: include
Line 17 Token: <
Line 17 Token: ID Value: bitsetv
Line 17 Token: -
Line 17 Token: ID Value: print
ERROR(17): Invalid or misplaced input character: '.'. Character Ignored.
Line 17 Token: ID Value: h
Line 17 Token: >
ERROR(18): Invalid or misplaced input character: '#'. Character Ignored.
Line 18 Token: ID Value: include
Line 18 Token: <
Line 18 Token: ID Value: bitsetv
ERROR(18): Invalid or misplaced input character: '.'. Character Ignored.
Line 18 Token: ID Value: h
Line 18 Token: >
ERROR(19): Invalid or misplaced input character: '#'. Character Ignored.
Line 19 Token: ID Value: include
Line 19 Token: <
Line 19 Token: ID Value: quotearg
ERROR(19): Invalid or misplaced input character: '.'. Character Ignored.
Line 19 Token: ID Value: h
Line 19 Token: >
ERROR(21): Invalid or misplaced input character: '#'. Character Ignored.
Line 21 Token: ID Value: include
Line 21 Token: STRINGCONST Value: "closure.h" Len: 9  Input: "closure.h"
ERROR(22): Invalid or misplaced input character: '#'. Character Ignored.
Line 22 Token: ID Value: include
Line 22 Token: STRINGCONST Value: "derives.h" Len: 9  Input: "derives.h"
ERROR(23): Invalid or misplaced input character: '#'. Character Ignored.
Line 23 Token: ID Value: include
Line 23 Token: STRINGCONST Value: "getargs.h" Len: 9  Input: "getargs.h"
ERROR(24): Invalid or misplaced input character: '#'. Character Ignored.
Line 24 Token: ID Value: include
Line 24 Token: STRINGCONST Value: "gram.h" Len: 6  Input: "gram.h"
ERROR(25): Invalid or misplaced input character: '#'. Character Ignored.
Line 25 Token: ID Value: include
Line 25 Token: STRINGCONST Value: "reader.h" Len: 8  Input: "reader.h"
ERROR(26): Invalid or misplaced input character: '#'. Character Ignored.
Line 26 Token: ID Value: include
Line 26 Token: STRINGCONST Value: "symtab.h" Len: 8  Input: "symtab.h"
Line 28 Token: /
Line 28 Token: *
Line 28 Token: ID Value: nitemset
Line 28 Token: ID Value: is
Line 28 Token: ID Value: the
Line 28 Token: ID Value: size
Line 28 Token: ID Value: of
Line 28 Token: ID Value: the
Line 28 Token: ID Value: array
Line 28 Token: ID Value: itemset
ERROR(28): Invalid or misplaced input character: '.'. Character Ignored.
Line 28 Token: *
Line 28 Token: /
Line 29 Token: ID Value: item
ERROR(29): Invalid or misplaced input character: '_'. Character Ignored.
Line 29 Token: ID Value: number
Line 29 Token: *
Line 29 Token: ID Value: itemset
Line 29 Token: ;
Line 30 Token: ID Value: size
ERROR(30): Invalid or misplaced input character: '_'. Character Ignored.
Line 30 Token: ID Value: t
Line 30 Token: ID Value: nritemset
Line 30 Token: ;
Line 32 Token: STATIC
Line 32 Token: ID Value: bitset
Line 32 Token: ID Value: ruleset
Line 32 Token: ;
Line 34 Token: /
Line 34 Token: *
Line 34 Token: ID Value: internal
Line 34 Token: ID Value: data
ERROR(34): Invalid or misplaced input character: '.'. Character Ignored.
Line 34 Token: ID Value: see
Line 34 Token: ID Value: comments
Line 34 Token: ID Value: before
Line 34 Token: ID Value: set
ERROR(34): Invalid or misplaced input character: '_'. Character Ignored.
Line 34 Token: ID Value: fderives
Line 34 Token: AND
Line 34 Token: ID Value: set
ERROR(34): Invalid or misplaced input character: '_'. Character Ignored.
Line 34 Token: ID Value: firsts
ERROR(34): Invalid or misplaced input character: '.'. Character Ignored.
Line 34 Token: *
Line 34 Token: /
Line 35 Token: STATIC
Line 35 Token: ID Value: bitsetv
Line 35 Token: ID Value: fderives
Line 35 Token: =
Line 35 Token: ID Value: null
Line 35 Token: ;
Line 36 Token: STATIC
Line 36 Token: ID Value: bitsetv
Line 36 Token: ID Value: firsts
Line 36 Token: =
Line 36 Token: ID Value: null
Line 36 Token: ;
Line 38 Token: /
Line 38 Token: *
Line 38 Token: ID Value: retrieve
Line 38 Token: ID Value: the
Line 38 Token: ID Value: fderives
Line 38 Token: /
Line 38 Token: ID Value: firsts
Line 38 Token: ID Value: sets
Line 38 Token: ID Value: of
Line 38 Token: ID Value: the
Line 38 Token: ID Value: nonterminals
Line 38 Token: ID Value: numbered
Line 38 Token: ID Value: var
ERROR(38): Invalid or misplaced input character: '.'. Character Ignored.
Line 38 Token: *
Line 38 Token: /
ERROR(39): Invalid or misplaced input character: '#'. Character Ignored.
Line 39 Token: ID Value: define
Line 39 Token: ID Value: fderives
Line 39 Token: (
Line 39 Token: ID Value: var
Line 39 Token: )
Line 39 Token: ID Value: fderives
Line 39 Token: [
Line 39 Token: (
Line 39 Token: ID Value: var
Line 39 Token: )
Line 39 Token: -
Line 39 Token: ID Value: ntokens
Line 39 Token: ]
ERROR(40): Invalid or misplaced input character: '#'. Character Ignored.
Line 40 Token: ID Value: define
Line 40 Token: ID Value: firsts
Line 40 Token: (
Line 40 Token: ID Value: var
Line 40 Token: )
Line 40 Token: ID Value: firsts
Line 40 Token: [
Line 40 Token: (
Line 40 Token: ID Value: var
Line 40 Token: )
Line 40 Token: -
Line 40 Token: ID Value: ntokens
Line 40 Token: ]
Line 42 Token: /
Line 42 Token: *
Line 42 Token: DEC
Line 42 Token: DEC
Line 42 Token: DEC
Line 42 Token: DEC
Line 42 Token: DEC
Line 42 Token: DEC
Line 42 Token: DEC
Line 42 Token: DEC
Line 42 Token: -
ERROR(42): Invalid or misplaced input character: '.'. Character Ignored.
ERROR(43): Invalid or misplaced input character: '|'. Character Ignored.
Line 43 Token: ID Value: debugging
Line 43 Token: ID Value: code
ERROR(43): Invalid or misplaced input character: '.'. Character Ignored.
ERROR(43): Invalid or misplaced input character: '|'. Character Ignored.
ERROR(44): Invalid or misplaced input character: '`'. Character Ignored.
Line 44 Token: DEC
Line 44 Token: DEC
Line 44 Token: DEC
Line 44 Token: DEC
Line 44 Token: DEC
Line 44 Token: DEC
Line 44 Token: DEC
Line 44 Token: DEC
Line 44 Token: -
Line 44 Token: *
Line 44 Token: /
Line 46 Token: STATIC
Line 46 Token: ID Value: void
Line 47 Token: ID Value: print
ERROR(47): Invalid or misplaced input character: '_'. Character Ignored.
Line 47 Token: ID Value: closure
Line 47 Token: (
Line 47 Token: CHAR
Line 47 Token: ID Value: const
Line 47 Token: *
Line 47 Token: ID Value: title
Line 47 Token: ,
Line 47 Token: ID Value: item
ERROR(47): Invalid or misplaced input character: '_'. Character Ignored.
Line 47 Token: ID Value: number
Line 47 Token: *
Line 47 Token: ID Value: array
Line 47 Token: ,
Line 47 Token: ID Value: size
ERROR(47): Invalid or misplaced input character: '_'. Character Ignored.
Line 47 Token: ID Value: t
Line 47 Token: ID Value: size
Line 47 Token: )
Line 48 Token: {
Line 49 Token: ID Value: size
ERROR(49): Invalid or misplaced input character: '_'. Character Ignored.
Line 49 Token: ID Value: t
Line 49 Token: ID Value: i
Line 49 Token: ;
Line 50 Token: ID Value: fprintf
Line 50 Token: (
Line 50 Token: ID Value: stderr
Line 50 Token: ,
Line 50 Token: STRINGCONST Value: "closure: %s
" Len: 12  Input: "closure: %s\n"
Line 50 Token: ,
Line 50 Token: ID Value: title
Line 50 Token: )
Line 50 Token: ;
Line 51 Token: FOR
Line 51 Token: (
Line 51 Token: ID Value: i
Line 51 Token: =
Line 51 Token: NUMCONST Value: 0  Input: 0
Line 51 Token: ;
Line 51 Token: ID Value: i
Line 51 Token: <
Line 51 Token: ID Value: size
Line 51 Token: ;
Line 51 Token: INC
Line 51 Token: ID Value: i
Line 51 Token: )
Line 52 Token: {
Line 53 Token: ID Value: item
ERROR(53): Invalid or misplaced input character: '_'. Character Ignored.
Line 53 Token: ID Value: number
Line 53 Token: *
Line 53 Token: ID Value: rp
Line 53 Token: ;
Line 54 Token: ID Value: fprintf
Line 54 Token: (
Line 54 Token: ID Value: stderr
Line 54 Token: ,
Line 54 Token: STRINGCONST Value: "  %2d: ." Len: 8  Input: "  %2d: ."
Line 54 Token: ,
Line 54 Token: ID Value: array
Line 54 Token: [
Line 54 Token: ID Value: i
Line 54 Token: ]
Line 54 Token: )
Line 54 Token: ;
Line 55 Token: FOR
Line 55 Token: (
Line 55 Token: ID Value: rp
Line 55 Token: =
ERROR(55): Invalid or misplaced input character: '&'. Character Ignored.
Line 55 Token: ID Value: ritem
Line 55 Token: [
Line 55 Token: ID Value: array
Line 55 Token: [
Line 55 Token: ID Value: i
Line 55 Token: ]
Line 55 Token: ]
Line 55 Token: ;
Line 55 Token: *
Line 55 Token: ID Value: rp
Line 55 Token: GEQ
Line 55 Token: NUMCONST Value: 0  Input: 0
Line 55 Token: ;
Line 55 Token: INC
Line 55 Token: ID Value: rp
Line 55 Token: )
Line 56 Token: ID Value: fprintf
Line 56 Token: (
Line 56 Token: ID Value: stderr
Line 56 Token: ,
Line 56 Token: STRINGCONST Value: " %s" Len: 3  Input: " %s"
Line 56 Token: ,
Line 56 Token: ID Value: symbols
Line 56 Token: [
Line 56 Token: *
Line 56 Token: ID Value: rp
Line 56 Token: ]
Line 56 Token: -
Line 56 Token: >
Line 56 Token: ID Value: tag
Line 56 Token: )
Line 56 Token: ;
Line 57 Token: ID Value: fprintf
Line 57 Token: (
Line 57 Token: ID Value: stderr
Line 57 Token: ,
Line 57 Token: STRINGCONST Value: "  (rule %d)
" Len: 12  Input: "  (rule %d)\n"
Line 57 Token: ,
Line 57 Token: -
Line 57 Token: *
Line 57 Token: ID Value: rp
Line 57 Token: -
Line 57 Token: NUMCONST Value: 1  Input: 1
Line 57 Token: )
Line 57 Token: ;
Line 58 Token: }
Line 59 Token: ID Value: fputs
Line 59 Token: (
Line 59 Token: STRINGCONST Value: "

" Len: 2  Input: "\n\n"
Line 59 Token: ,
Line 59 Token: ID Value: stderr
Line 59 Token: )
Line 59 Token: ;
Line 60 Token: }
Line 63 Token: STATIC
Line 63 Token: ID Value: void
Line 64 Token: ID Value: print
ERROR(64): Invalid or misplaced input character: '_'. Character Ignored.
Line 64 Token: ID Value: firsts
Line 64 Token: (
Line 64 Token: ID Value: void
Line 64 Token: )
Line 65 Token: {
Line 66 Token: ID Value: symbol
ERROR(66): Invalid or misplaced input character: '_'. Character Ignored.
Line 66 Token: ID Value: number
Line 66 Token: ID Value: i
Line 66 Token: ,
Line 66 Token: ID Value: j
Line 66 Token: ;
Line 68 Token: ID Value: fprintf
Line 68 Token: (
Line 68 Token: ID Value: stderr
Line 68 Token: ,
Line 68 Token: STRINGCONST Value: "firsts
" Len: 7  Input: "firsts\n"
Line 68 Token: )
Line 68 Token: ;
Line 69 Token: FOR
Line 69 Token: (
Line 69 Token: ID Value: i
Line 69 Token: =
Line 69 Token: ID Value: ntokens
Line 69 Token: ;
Line 69 Token: ID Value: i
Line 69 Token: <
Line 69 Token: ID Value: nsyms
Line 69 Token: ;
Line 69 Token: ID Value: i
Line 69 Token: INC
Line 69 Token: )
Line 70 Token: {
Line 71 Token: ID Value: bitset
ERROR(71): Invalid or misplaced input character: '_'. Character Ignored.
Line 71 Token: ID Value: iterator
Line 71 Token: ID Value: iter
Line 71 Token: ;
Line 72 Token: ID Value: fprintf
Line 72 Token: (
Line 72 Token: ID Value: stderr
Line 72 Token: ,
Line 72 Token: STRINGCONST Value: "	%s firsts
" Len: 11  Input: "\t%s firsts\n"
Line 72 Token: ,
Line 72 Token: ID Value: symbols
Line 72 Token: [
Line 72 Token: ID Value: i
Line 72 Token: ]
Line 72 Token: -
Line 72 Token: >
Line 72 Token: ID Value: tag
Line 72 Token: )
Line 72 Token: ;
Line 73 Token: ID Value: bitset
ERROR(73): Invalid or misplaced input character: '_'. Character Ignored.
Line 73 Token: FOR
ERROR(73): Invalid or misplaced input character: '_'. Character Ignored.
Line 73 Token: ID Value: each
Line 73 Token: (
Line 73 Token: ID Value: iter
Line 73 Token: ,
Line 73 Token: ID Value: firsts
Line 73 Token: (
Line 73 Token: ID Value: i
Line 73 Token: )
Line 73 Token: ,
Line 73 Token: ID Value: j
Line 73 Token: ,
Line 73 Token: NUMCONST Value: 0  Input: 0
Line 73 Token: )
Line 74 Token: {
Line 75 Token: ID Value: fprintf
Line 75 Token: (
Line 75 Token: ID Value: stderr
Line 75 Token: ,
Line 75 Token: STRINGCONST Value: "		%s
" Len: 5  Input: "\t\t%s\n"
Line 75 Token: ,
Line 76 Token: ID Value: symbols
Line 76 Token: [
Line 76 Token: ID Value: j
Line 76 Token: +
Line 76 Token: ID Value: ntokens
Line 76 Token: ]
Line 76 Token: -
Line 76 Token: >
Line 76 Token: ID Value: tag
Line 76 Token: )
Line 76 Token: ;
Line 77 Token: }
Line 78 Token: }
Line 79 Token: ID Value: fprintf
Line 79 Token: (
Line 79 Token: ID Value: stderr
Line 79 Token: ,
Line 79 Token: STRINGCONST Value: "

" Len: 2  Input: "\n\n"
Line 79 Token: )
Line 79 Token: ;
Line 80 Token: }
Line 83 Token: STATIC
Line 83 Token: ID Value: void
Line 84 Token: ID Value: print
ERROR(84): Invalid or misplaced input character: '_'. Character Ignored.
Line 84 Token: ID Value: fderives
Line 84 Token: (
Line 84 Token: ID Value: void
Line 84 Token: )
Line 85 Token: {
Line 86 Token: INT
Line 86 Token: ID Value: i
Line 86 Token: ;
Line 87 Token: ID Value: rule
ERROR(87): Invalid or misplaced input character: '_'. Character Ignored.
Line 87 Token: ID Value: number
Line 87 Token: ID Value: r
Line 87 Token: ;
Line 89 Token: ID Value: fprintf
Line 89 Token: (
Line 89 Token: ID Value: stderr
Line 89 Token: ,
Line 89 Token: STRINGCONST Value: "fderives
" Len: 9  Input: "fderives\n"
Line 89 Token: )
Line 89 Token: ;
Line 90 Token: FOR
Line 90 Token: (
Line 90 Token: ID Value: i
Line 90 Token: =
Line 90 Token: ID Value: ntokens
Line 90 Token: ;
Line 90 Token: ID Value: i
Line 90 Token: <
Line 90 Token: ID Value: nsyms
Line 90 Token: ;
Line 90 Token: ID Value: i
Line 90 Token: INC
Line 90 Token: )
Line 91 Token: {
Line 92 Token: ID Value: bitset
ERROR(92): Invalid or misplaced input character: '_'. Character Ignored.
Line 92 Token: ID Value: iterator
Line 92 Token: ID Value: iter
Line 92 Token: ;
Line 93 Token: ID Value: fprintf
Line 93 Token: (
Line 93 Token: ID Value: stderr
Line 93 Token: ,
Line 93 Token: STRINGCONST Value: "	%s derives
" Len: 12  Input: "\t%s derives\n"
Line 93 Token: ,
Line 93 Token: ID Value: symbols
Line 93 Token: [
Line 93 Token: ID Value: i
Line 93 Token: ]
Line 93 Token: -
Line 93 Token: >
Line 93 Token: ID Value: tag
Line 93 Token: )
Line 93 Token: ;
Line 94 Token: ID Value: bitset
ERROR(94): Invalid or misplaced input character: '_'. Character Ignored.
Line 94 Token: FOR
ERROR(94): Invalid or misplaced input character: '_'. Character Ignored.
Line 94 Token: ID Value: each
Line 94 Token: (
Line 94 Token: ID Value: iter
Line 94 Token: ,
Line 94 Token: ID Value: fderives
Line 94 Token: (
Line 94 Token: ID Value: i
Line 94 Token: )
Line 94 Token: ,
Line 94 Token: ID Value: r
Line 94 Token: ,
Line 94 Token: NUMCONST Value: 0  Input: 0
Line 94 Token: )
Line 95 Token: {
Line 96 Token: ID Value: fprintf
Line 96 Token: (
Line 96 Token: ID Value: stderr
Line 96 Token: ,
Line 96 Token: STRINGCONST Value: "		%3d " Len: 6  Input: "\t\t%3d "
Line 96 Token: ,
Line 96 Token: ID Value: r
Line 96 Token: )
Line 96 Token: ;
Line 97 Token: ID Value: rule
ERROR(97): Invalid or misplaced input character: '_'. Character Ignored.
Line 97 Token: ID Value: rhs
ERROR(97): Invalid or misplaced input character: '_'. Character Ignored.
Line 97 Token: ID Value: print
Line 97 Token: (
ERROR(97): Invalid or misplaced input character: '&'. Character Ignored.
Line 97 Token: ID Value: rules
Line 97 Token: [
Line 97 Token: ID Value: r
Line 97 Token: ]
Line 97 Token: ,
Line 97 Token: ID Value: stderr
Line 97 Token: )
Line 97 Token: ;
Line 98 Token: }
Line 99 Token: }
Line 100 Token: ID Value: fprintf
Line 100 Token: (
Line 100 Token: ID Value: stderr
Line 100 Token: ,
Line 100 Token: STRINGCONST Value: "

" Len: 2  Input: "\n\n"
Line 100 Token: )
Line 100 Token: ;
Line 101 Token: }
Line 103 Token: /
Line 103 Token: *
Line 103 Token: DEC
Line 103 Token: DEC
Line 103 Token: DEC
Line 103 Token: DEC
Line 103 Token: DEC
Line 103 Token: DEC
Line 103 Token: DEC
Line 103 Token: DEC
Line 103 Token: DEC
Line 103 Token: DEC
Line 103 Token: DEC
Line 103 Token: DEC
Line 103 Token: DEC
Line 103 Token: DEC
Line 103 Token: DEC
Line 103 Token: DEC
Line 103 Token: DEC
Line 103 Token: DEC
Line 103 Token: DEC
Line 103 Token: DEC
Line 103 Token: DEC
Line 103 Token: DEC
Line 103 Token: DEC
Line 103 Token: DEC
Line 103 Token: DEC
Line 103 Token: DEC
Line 103 Token: DEC
Line 103 Token: DEC
Line 103 Token: DEC
Line 103 Token: DEC
Line 103 Token: DEC
Line 103 Token: DEC
Line 103 Token: DEC
ERROR(103): Invalid or misplaced input character: '.'. Character Ignored.
ERROR(104): Invalid or misplaced input character: '|'. Character Ignored.
Line 104 Token: ID Value: set
Line 104 Token: ID Value: firsts
Line 104 Token: TO
Line 104 Token: ID Value: be
Line 104 Token: ID Value: an
Line 104 Token: ID Value: nvars
Line 104 Token: ID Value: array
Line 104 Token: ID Value: of
Line 104 Token: ID Value: nvars
Line 104 Token: ID Value: bitsets
Line 104 Token: ID Value: indicating
Line 104 Token: ID Value: which
ERROR(104): Invalid or misplaced input character: '|'. Character Ignored.
ERROR(105): Invalid or misplaced input character: '|'. Character Ignored.
Line 105 Token: ID Value: items
Line 105 Token: ID Value: can
Line 105 Token: ID Value: represent
Line 105 Token: ID Value: the
Line 105 Token: ID Value: beginning
Line 105 Token: ID Value: of
Line 105 Token: ID Value: the
Line 105 Token: ID Value: input
Line 105 Token: ID Value: corresponding
Line 105 Token: TO
ERROR(105): Invalid or misplaced input character: '|'. Character Ignored.
ERROR(106): Invalid or misplaced input character: '|'. Character Ignored.
Line 106 Token: ID Value: which
Line 106 Token: ID Value: other
Line 106 Token: ID Value: items
ERROR(106): Invalid or misplaced input character: '.'. Character Ignored.
ERROR(106): Invalid or misplaced input character: '|'. Character Ignored.
ERROR(107): Invalid or misplaced input character: '|'. Character Ignored.
ERROR(107): Invalid or misplaced input character: '|'. Character Ignored.
ERROR(108): Invalid or misplaced input character: '|'. Character Ignored.
Line 108 Token: FOR
Line 108 Token: ID Value: example
Line 108 Token: ,
Line 108 Token: IF
Line 108 Token: ID Value: some
Line 108 Token: ID Value: rule
Line 108 Token: ID Value: expands
Line 108 Token: ID Value: symbol
Line 108 Token: NUMCONST Value: 5  Input: 5
Line 108 Token: ID Value: into
Line 108 Token: ID Value: the
Line 108 Token: ID Value: sequence
Line 108 Token: ID Value: of
ERROR(108): Invalid or misplaced input character: '|'. Character Ignored.
ERROR(109): Invalid or misplaced input character: '|'. Character Ignored.
Line 109 Token: ID Value: symbols
Line 109 Token: NUMCONST Value: 8  Input: 8
Line 109 Token: NUMCONST Value: 3  Input: 3
Line 109 Token: NUMCONST Value: 20  Input: 20
Line 109 Token: ,
Line 109 Token: ID Value: the
Line 109 Token: ID Value: symbol
Line 109 Token: NUMCONST Value: 8  Input: 8
Line 109 Token: ID Value: can
Line 109 Token: ID Value: be
Line 109 Token: ID Value: the
Line 109 Token: ID Value: beginning
Line 109 Token: ID Value: of
Line 109 Token: ID Value: the
Line 109 Token: ID Value: data
Line 109 Token: FOR
ERROR(109): Invalid or misplaced input character: '|'. Character Ignored.
ERROR(110): Invalid or misplaced input character: '|'. Character Ignored.
Line 110 Token: ID Value: symbol
Line 110 Token: NUMCONST Value: 5  Input: 5
Line 110 Token: ,
Line 110 Token: ID Value: so
Line 110 Token: ID Value: the
Line 110 Token: ID Value: bit
Line 110 Token: [
Line 110 Token: NUMCONST Value: 8  Input: 8
Line 110 Token: -
Line 110 Token: ID Value: ntokens
Line 110 Token: ]
Line 110 Token: ID Value: in
Line 110 Token: ID Value: first
Line 110 Token: [
Line 110 Token: NUMCONST Value: 5  Input: 5
Line 110 Token: -
Line 110 Token: ID Value: ntokens
Line 110 Token: ]
Line 110 Token: (
Line 110 Token: =
Line 110 Token: ID Value: first
ERROR(110): Invalid or misplaced input character: '|'. Character Ignored.
ERROR(111): Invalid or misplaced input character: '|'. Character Ignored.
Line 111 Token: (
Line 111 Token: NUMCONST Value: 5  Input: 5
Line 111 Token: )
Line 111 Token: )
Line 111 Token: ID Value: is
Line 111 Token: ID Value: set
ERROR(111): Invalid or misplaced input character: '.'. Character Ignored.
ERROR(111): Invalid or misplaced input character: '|'. Character Ignored.
ERROR(112): Invalid or misplaced input character: '`'. Character Ignored.
Line 112 Token: DEC
Line 112 Token: DEC
Line 112 Token: DEC
Line 112 Token: DEC
Line 112 Token: DEC
Line 112 Token: DEC
Line 112 Token: DEC
Line 112 Token: DEC
Line 112 Token: DEC
Line 112 Token: DEC
Line 112 Token: DEC
Line 112 Token: DEC
Line 112 Token: DEC
Line 112 Token: DEC
Line 112 Token: DEC
Line 112 Token: DEC
Line 112 Token: DEC
Line 112 Token: DEC
Line 112 Token: DEC
Line 112 Token: DEC
Line 112 Token: DEC
Line 112 Token: DEC
Line 112 Token: DEC
Line 112 Token: DEC
Line 112 Token: DEC
Line 112 Token: DEC
Line 112 Token: DEC
Line 112 Token: DEC
Line 112 Token: DEC
Line 112 Token: DEC
Line 112 Token: DEC
Line 112 Token: DEC
Line 112 Token: DEC
Line 112 Token: *
Line 112 Token: /
Line 114 Token: STATIC
Line 114 Token: ID Value: void
Line 115 Token: ID Value: set
ERROR(115): Invalid or misplaced input character: '_'. Character Ignored.
Line 115 Token: ID Value: firsts
Line 115 Token: (
Line 115 Token: ID Value: void
Line 115 Token: )
Line 116 Token: {
Line 117 Token: ID Value: symbol
ERROR(117): Invalid or misplaced input character: '_'. Character Ignored.
Line 117 Token: ID Value: number
Line 117 Token: ID Value: i
Line 117 Token: ,
Line 117 Token: ID Value: j
Line 117 Token: ;
Line 119 Token: ID Value: firsts
Line 119 Token: =
Line 119 Token: ID Value: bitsetv
ERROR(119): Invalid or misplaced input character: '_'. Character Ignored.
Line 119 Token: ID Value: create
Line 119 Token: (
Line 119 Token: ID Value: nvars
Line 119 Token: ,
Line 119 Token: ID Value: nvars
Line 119 Token: ,
Line 119 Token: ID Value: bitset
ERROR(119): Invalid or misplaced input character: '_'. Character Ignored.
Line 119 Token: ID Value: fixed
Line 119 Token: )
Line 119 Token: ;
Line 121 Token: FOR
Line 121 Token: (
Line 121 Token: ID Value: i
Line 121 Token: =
Line 121 Token: ID Value: ntokens
Line 121 Token: ;
Line 121 Token: ID Value: i
Line 121 Token: <
Line 121 Token: ID Value: nsyms
Line 121 Token: ;
Line 121 Token: ID Value: i
Line 121 Token: INC
Line 121 Token: )
Line 122 Token: FOR
Line 122 Token: (
Line 122 Token: ID Value: j
Line 122 Token: =
Line 122 Token: NUMCONST Value: 0  Input: 0
Line 122 Token: ;
Line 122 Token: ID Value: derives
Line 122 Token: [
Line 122 Token: ID Value: i
Line 122 Token: -
Line 122 Token: ID Value: ntokens
Line 122 Token: ]
Line 122 Token: [
Line 122 Token: ID Value: j
Line 122 Token: ]
Line 122 Token: ;
Line 122 Token: INC
Line 122 Token: ID Value: j
Line 122 Token: )
Line 123 Token: {
Line 124 Token: ID Value: item
ERROR(124): Invalid or misplaced input character: '_'. Character Ignored.
Line 124 Token: ID Value: number
Line 124 Token: ID Value: sym
Line 124 Token: =
Line 124 Token: ID Value: derives
Line 124 Token: [
Line 124 Token: ID Value: i
Line 124 Token: -
Line 124 Token: ID Value: ntokens
Line 124 Token: ]
Line 124 Token: [
Line 124 Token: ID Value: j
Line 124 Token: ]
Line 124 Token: -
Line 124 Token: >
Line 124 Token: ID Value: rhs
Line 124 Token: [
Line 124 Token: NUMCONST Value: 0  Input: 0
Line 124 Token: ]
Line 124 Token: ;
Line 125 Token: IF
Line 125 Token: (
Line 125 Token: ID Value: isvar
Line 125 Token: (
Line 125 Token: ID Value: sym
Line 125 Token: )
Line 125 Token: )
Line 126 Token: ID Value: bitset
ERROR(126): Invalid or misplaced input character: '_'. Character Ignored.
Line 126 Token: ID Value: set
Line 126 Token: (
Line 126 Token: ID Value: firsts
Line 126 Token: (
Line 126 Token: ID Value: i
Line 126 Token: )
Line 126 Token: ,
Line 126 Token: ID Value: sym
Line 126 Token: -
Line 126 Token: ID Value: ntokens
Line 126 Token: )
Line 126 Token: ;
Line 127 Token: }
Line 129 Token: IF
Line 129 Token: (
Line 129 Token: ID Value: trace
ERROR(129): Invalid or misplaced input character: '_'. Character Ignored.
Line 129 Token: ID Value: flag
ERROR(129): Invalid or misplaced input character: '&'. Character Ignored.
Line 129 Token: ID Value: trace
ERROR(129): Invalid or misplaced input character: '_'. Character Ignored.
Line 129 Token: ID Value: sets
Line 129 Token: )
Line 130 Token: ID Value: bitsetv
ERROR(130): Invalid or misplaced input character: '_'. Character Ignored.
Line 130 Token: ID Value: matrix
ERROR(130): Invalid or misplaced input character: '_'. Character Ignored.
Line 130 Token: ID Value: dump
Line 130 Token: (
Line 130 Token: ID Value: stderr
Line 130 Token: ,
Line 130 Token: STRINGCONST Value: "rtc: firsts input" Len: 17  Input: "rtc: firsts input"
Line 130 Token: ,
Line 130 Token: ID Value: firsts
Line 130 Token: )
Line 130 Token: ;
Line 131 Token: ID Value: bitsetv
ERROR(131): Invalid or misplaced input character: '_'. Character Ignored.
Line 131 Token: ID Value: reflexive
ERROR(131): Invalid or misplaced input character: '_'. Character Ignored.
Line 131 Token: ID Value: transitive
ERROR(131): Invalid or misplaced input character: '_'. Character Ignored.
Line 131 Token: ID Value: closure
Line 131 Token: (
Line 131 Token: ID Value: firsts
Line 131 Token: )
Line 131 Token: ;
Line 132 Token: IF
Line 132 Token: (
Line 132 Token: ID Value: trace
ERROR(132): Invalid or misplaced input character: '_'. Character Ignored.
Line 132 Token: ID Value: flag
ERROR(132): Invalid or misplaced input character: '&'. Character Ignored.
Line 132 Token: ID Value: trace
ERROR(132): Invalid or misplaced input character: '_'. Character Ignored.
Line 132 Token: ID Value: sets
Line 132 Token: )
Line 133 Token: ID Value: bitsetv
ERROR(133): Invalid or misplaced input character: '_'. Character Ignored.
Line 133 Token: ID Value: matrix
ERROR(133): Invalid or misplaced input character: '_'. Character Ignored.
Line 133 Token: ID Value: dump
Line 133 Token: (
Line 133 Token: ID Value: stderr
Line 133 Token: ,
Line 133 Token: STRINGCONST Value: "rtc: firsts output" Len: 18  Input: "rtc: firsts output"
Line 133 Token: ,
Line 133 Token: ID Value: firsts
Line 133 Token: )
Line 133 Token: ;
Line 135 Token: IF
Line 135 Token: (
Line 135 Token: ID Value: trace
ERROR(135): Invalid or misplaced input character: '_'. Character Ignored.
Line 135 Token: ID Value: flag
ERROR(135): Invalid or misplaced input character: '&'. Character Ignored.
Line 135 Token: ID Value: trace
ERROR(135): Invalid or misplaced input character: '_'. Character Ignored.
Line 135 Token: ID Value: sets
Line 135 Token: )
Line 136 Token: ID Value: print
ERROR(136): Invalid or misplaced input character: '_'. Character Ignored.
Line 136 Token: ID Value: firsts
Line 136 Token: (
Line 136 Token: )
Line 136 Token: ;
Line 137 Token: }
Line 139 Token: /
Line 139 Token: *
Line 139 Token: DEC
Line 139 Token: DEC
Line 139 Token: DEC
Line 139 Token: DEC
Line 139 Token: DEC
Line 139 Token: DEC
Line 139 Token: DEC
Line 139 Token: DEC
Line 139 Token: DEC
Line 139 Token: DEC
Line 139 Token: DEC
Line 139 Token: DEC
Line 139 Token: DEC
Line 139 Token: DEC
Line 139 Token: DEC
Line 139 Token: DEC
Line 139 Token: DEC
Line 139 Token: DEC
Line 139 Token: DEC
Line 139 Token: DEC
Line 139 Token: DEC
Line 139 Token: DEC
Line 139 Token: DEC
Line 139 Token: DEC
Line 139 Token: DEC
Line 139 Token: DEC
Line 139 Token: DEC
Line 139 Token: DEC
Line 139 Token: DEC
Line 139 Token: DEC
Line 139 Token: DEC
Line 139 Token: DEC
Line 139 Token: DEC
Line 139 Token: -
ERROR(139): Invalid or misplaced input character: '.'. Character Ignored.
ERROR(140): Invalid or misplaced input character: '|'. Character Ignored.
Line 140 Token: ID Value: set
Line 140 Token: ID Value: fderives
Line 140 Token: TO
Line 140 Token: ID Value: an
Line 140 Token: ID Value: nvars
Line 140 Token: BY
Line 140 Token: ID Value: nrules
Line 140 Token: ID Value: matrix
Line 140 Token: ID Value: of
Line 140 Token: ID Value: bits
Line 140 Token: ID Value: indicating
Line 140 Token: ID Value: which
ERROR(140): Invalid or misplaced input character: '|'. Character Ignored.
ERROR(141): Invalid or misplaced input character: '|'. Character Ignored.
Line 141 Token: ID Value: rules
Line 141 Token: ID Value: can
Line 141 Token: ID Value: help
Line 141 Token: ID Value: derive
Line 141 Token: ID Value: the
Line 141 Token: ID Value: beginning
Line 141 Token: ID Value: of
Line 141 Token: ID Value: the
Line 141 Token: ID Value: data
Line 141 Token: FOR
Line 141 Token: ID Value: each
ERROR(141): Invalid or misplaced input character: '|'. Character Ignored.
ERROR(142): Invalid or misplaced input character: '|'. Character Ignored.
Line 142 Token: ID Value: nonterminal
ERROR(142): Invalid or misplaced input character: '.'. Character Ignored.
ERROR(142): Invalid or misplaced input character: '|'. Character Ignored.
ERROR(143): Invalid or misplaced input character: '|'. Character Ignored.
ERROR(143): Invalid or misplaced input character: '|'. Character Ignored.
ERROR(144): Invalid or misplaced input character: '|'. Character Ignored.
Line 144 Token: FOR
Line 144 Token: ID Value: example
Line 144 Token: ,
Line 144 Token: IF
Line 144 Token: ID Value: symbol
Line 144 Token: NUMCONST Value: 5  Input: 5
Line 144 Token: ID Value: can
Line 144 Token: ID Value: be
Line 144 Token: ID Value: derived
Line 144 Token: ID Value: as
Line 144 Token: ID Value: the
Line 144 Token: ID Value: sequence
Line 144 Token: ID Value: of
Line 144 Token: ID Value: symbols
ERROR(144): Invalid or misplaced input character: '|'. Character Ignored.
ERROR(145): Invalid or misplaced input character: '|'. Character Ignored.
Line 145 Token: NUMCONST Value: 8  Input: 8
Line 145 Token: NUMCONST Value: 3  Input: 3
Line 145 Token: NUMCONST Value: 20  Input: 20
Line 145 Token: ,
Line 145 Token: AND
Line 145 Token: ID Value: one
Line 145 Token: ID Value: of
Line 145 Token: ID Value: the
Line 145 Token: ID Value: rules
Line 145 Token: FOR
Line 145 Token: ID Value: deriving
Line 145 Token: ID Value: symbol
Line 145 Token: NUMCONST Value: 8  Input: 8
Line 145 Token: ID Value: is
Line 145 Token: ID Value: rule
Line 145 Token: NUMCONST Value: 4  Input: 4
Line 145 Token: ,
Line 145 Token: THEN
ERROR(145): Invalid or misplaced input character: '|'. Character Ignored.
ERROR(146): Invalid or misplaced input character: '|'. Character Ignored.
Line 146 Token: ID Value: the
Line 146 Token: [
Line 146 Token: NUMCONST Value: 5  Input: 5
Line 146 Token: -
Line 146 Token: ID Value: ntokens
Line 146 Token: ,
Line 146 Token: NUMCONST Value: 4  Input: 4
Line 146 Token: ]
Line 146 Token: ID Value: bit
Line 146 Token: ID Value: in
Line 146 Token: ID Value: fderives
Line 146 Token: ID Value: is
Line 146 Token: ID Value: set
ERROR(146): Invalid or misplaced input character: '.'. Character Ignored.
ERROR(146): Invalid or misplaced input character: '|'. Character Ignored.
ERROR(147): Invalid or misplaced input character: '`'. Character Ignored.
Line 147 Token: DEC
Line 147 Token: DEC
Line 147 Token: DEC
Line 147 Token: DEC
Line 147 Token: DEC
Line 147 Token: DEC
Line 147 Token: DEC
Line 147 Token: DEC
Line 147 Token: DEC
Line 147 Token: DEC
Line 147 Token: DEC
Line 147 Token: DEC
Line 147 Token: DEC
Line 147 Token: DEC
Line 147 Token: DEC
Line 147 Token: DEC
Line 147 Token: DEC
Line 147 Token: DEC
Line 147 Token: DEC
Line 147 Token: DEC
Line 147 Token: DEC
Line 147 Token: DEC
Line 147 Token: DEC
Line 147 Token: DEC
Line 147 Token: DEC
Line 147 Token: DEC
Line 147 Token: DEC
Line 147 Token: DEC
Line 147 Token: DEC
Line 147 Token: DEC
Line 147 Token: DEC
Line 147 Token: DEC
Line 147 Token: DEC
Line 147 Token: -
Line 147 Token: *
Line 147 Token: /
Line 149 Token: STATIC
Line 149 Token: ID Value: void
Line 150 Token: ID Value: set
ERROR(150): Invalid or misplaced input character: '_'. Character Ignored.
Line 150 Token: ID Value: fderives
Line 150 Token: (
Line 150 Token: ID Value: void
Line 150 Token: )
Line 151 Token: {
Line 152 Token: ID Value: symbol
ERROR(152): Invalid or misplaced input character: '_'. Character Ignored.
Line 152 Token: ID Value: number
Line 152 Token: ID Value: i
Line 152 Token: ,
Line 152 Token: ID Value: j
Line 152 Token: ;
Line 153 Token: ID Value: rule
ERROR(153): Invalid or misplaced input character: '_'. Character Ignored.
Line 153 Token: ID Value: number
Line 153 Token: ID Value: k
Line 153 Token: ;
Line 155 Token: ID Value: fderives
Line 155 Token: =
Line 155 Token: ID Value: bitsetv
ERROR(155): Invalid or misplaced input character: '_'. Character Ignored.
Line 155 Token: ID Value: create
Line 155 Token: (
Line 155 Token: ID Value: nvars
Line 155 Token: ,
Line 155 Token: ID Value: nrules
Line 155 Token: ,
Line 155 Token: ID Value: bitset
ERROR(155): Invalid or misplaced input character: '_'. Character Ignored.
Line 155 Token: ID Value: fixed
Line 155 Token: )
Line 155 Token: ;
Line 157 Token: ID Value: set
ERROR(157): Invalid or misplaced input character: '_'. Character Ignored.
Line 157 Token: ID Value: firsts
Line 157 Token: (
Line 157 Token: )
Line 157 Token: ;
Line 159 Token: FOR
Line 159 Token: (
Line 159 Token: ID Value: i
Line 159 Token: =
Line 159 Token: ID Value: ntokens
Line 159 Token: ;
Line 159 Token: ID Value: i
Line 159 Token: <
Line 159 Token: ID Value: nsyms
Line 159 Token: ;
Line 159 Token: INC
Line 159 Token: ID Value: i
Line 159 Token: )
Line 160 Token: FOR
Line 160 Token: (
Line 160 Token: ID Value: j
Line 160 Token: =
Line 160 Token: ID Value: ntokens
Line 160 Token: ;
Line 160 Token: ID Value: j
Line 160 Token: <
Line 160 Token: ID Value: nsyms
Line 160 Token: ;
Line 160 Token: INC
Line 160 Token: ID Value: j
Line 160 Token: )
Line 161 Token: IF
Line 161 Token: (
Line 161 Token: ID Value: bitset
ERROR(161): Invalid or misplaced input character: '_'. Character Ignored.
Line 161 Token: ID Value: test
Line 161 Token: (
Line 161 Token: ID Value: firsts
Line 161 Token: (
Line 161 Token: ID Value: i
Line 161 Token: )
Line 161 Token: ,
Line 161 Token: ID Value: j
Line 161 Token: -
Line 161 Token: ID Value: ntokens
Line 161 Token: )
Line 161 Token: )
Line 162 Token: FOR
Line 162 Token: (
Line 162 Token: ID Value: k
Line 162 Token: =
Line 162 Token: NUMCONST Value: 0  Input: 0
Line 162 Token: ;
Line 162 Token: ID Value: derives
Line 162 Token: [
Line 162 Token: ID Value: j
Line 162 Token: -
Line 162 Token: ID Value: ntokens
Line 162 Token: ]
Line 162 Token: [
Line 162 Token: ID Value: k
Line 162 Token: ]
Line 162 Token: ;
Line 162 Token: INC
Line 162 Token: ID Value: k
Line 162 Token: )
Line 163 Token: ID Value: bitset
ERROR(163): Invalid or misplaced input character: '_'. Character Ignored.
Line 163 Token: ID Value: set
Line 163 Token: (
Line 163 Token: ID Value: fderives
Line 163 Token: (
Line 163 Token: ID Value: i
Line 163 Token: )
Line 163 Token: ,
Line 163 Token: ID Value: derives
Line 163 Token: [
Line 163 Token: ID Value: j
Line 163 Token: -
Line 163 Token: ID Value: ntokens
Line 163 Token: ]
Line 163 Token: [
Line 163 Token: ID Value: k
Line 163 Token: ]
Line 163 Token: -
Line 163 Token: >
Line 163 Token: ID Value: number
Line 163 Token: )
Line 163 Token: ;
Line 165 Token: IF
Line 165 Token: (
Line 165 Token: ID Value: trace
ERROR(165): Invalid or misplaced input character: '_'. Character Ignored.
Line 165 Token: ID Value: flag
ERROR(165): Invalid or misplaced input character: '&'. Character Ignored.
Line 165 Token: ID Value: trace
ERROR(165): Invalid or misplaced input character: '_'. Character Ignored.
Line 165 Token: ID Value: sets
Line 165 Token: )
Line 166 Token: ID Value: print
ERROR(166): Invalid or misplaced input character: '_'. Character Ignored.
Line 166 Token: ID Value: fderives
Line 166 Token: (
Line 166 Token: )
Line 166 Token: ;
Line 168 Token: ID Value: bitsetv
ERROR(168): Invalid or misplaced input character: '_'. Character Ignored.
Line 168 Token: ID Value: free
Line 168 Token: (
Line 168 Token: ID Value: firsts
Line 168 Token: )
Line 168 Token: ;
Line 169 Token: }
