Func: comb returns type int [line: 2]
.   Child: 0  Parm: n of type int [line: 2]
.   Sibling: 1  Parm: r of type int [line: 2]
.   Child: 1  Compound [line: 3]
.   .   Child: 0  Var: i of type int [line: 4]
.   .   Sibling: 1  Var: j of type int [line: 4]
.   .   Sibling: 2  Var: c of type int [line: 4]
.   .   Child: 1  Assign: = [line: 6]
.   .   .   Child: 0  Id: c [line: 6]
.   .   .   Child: 1  Op: + [line: 6]
.   .   .   .   Child: 0  Op: - [line: 6]
.   .   .   .   .   Child: 0  Id: n [line: 6]
.   .   .   .   .   Child: 1  Id: r [line: 6]
.   .   .   .   Child: 1  Const of type int: 1 [line: 6]
.   .   Sibling: 1  Assign: = [line: 7]
.   .   .   Child: 0  Id: i [line: 7]
.   .   .   Child: 1  Op: + [line: 7]
.   .   .   .   Child: 0  Op: - [line: 7]
.   .   .   .   .   Child: 0  Id: n [line: 7]
.   .   .   .   .   Child: 1  Id: r [line: 7]
.   .   .   .   Child: 1  Const of type int: 2 [line: 7]
.   .   Sibling: 2  Assign: = [line: 8]
.   .   .   Child: 0  Id: j [line: 8]
.   .   .   Child: 1  Const of type int: 2 [line: 8]
.   .   Sibling: 3  While [line: 9]
.   .   .   Child: 0  Op: <= [line: 9]
.   .   .   .   Child: 0  Id: i [line: 9]
.   .   .   .   Child: 1  Id: n [line: 9]
.   .   .   Child: 1  Compound [line: 9]
.   .   .   .   Child: 1  Assign: = [line: 10]
.   .   .   .   .   Child: 0  Id: c [line: 10]
.   .   .   .   .   Child: 1  Op: / [line: 10]
.   .   .   .   .   .   Child: 0  Op: * [line: 10]
.   .   .   .   .   .   .   Child: 0  Id: c [line: 10]
.   .   .   .   .   .   .   Child: 1  Id: i [line: 10]
.   .   .   .   .   .   Child: 1  Id: j [line: 10]
.   .   .   .   Sibling: 1  Assign: = [line: 11]
.   .   .   .   .   Child: 0  Id: i [line: 11]
.   .   .   .   .   Child: 1  Op: + [line: 11]
.   .   .   .   .   .   Child: 0  Id: i [line: 11]
.   .   .   .   .   .   Child: 1  Const of type int: 1 [line: 11]
.   .   .   .   Sibling: 2  Assign: = [line: 12]
.   .   .   .   .   Child: 0  Id: j [line: 12]
.   .   .   .   .   Child: 1  Op: + [line: 12]
.   .   .   .   .   .   Child: 0  Id: j [line: 12]
.   .   .   .   .   .   Child: 1  Const of type int: 1 [line: 12]
.   .   Sibling: 4  Return [line: 14]
.   .   .   Child: 0  Id: c [line: 14]
Sibling: 1  Func: main returns type int [line: 17]
.   Child: 1  Compound [line: 18]
.   .   Child: 0  Var: max of type int [line: 19]
.   .   Sibling: 1  Var: n of type int [line: 19]
.   .   Sibling: 2  Var: xx of type bool [line: 20]
.   .   Sibling: 3  Var: r of type int [line: 21]
.   .   Child: 1  Assign: = [line: 23]
.   .   .   Child: 0  Id: max [line: 23]
.   .   .   Child: 1  Const of type int: 15 [line: 23]
.   .   Sibling: 1  Assign: = [line: 25]
.   .   .   Child: 0  Id: n [line: 25]
.   .   .   Child: 1  Const of type int: 2 [line: 25]
.   .   Sibling: 2  While [line: 26]
.   .   .   Child: 0  Op: <= [line: 26]
.   .   .   .   Child: 0  Id: n [line: 26]
.   .   .   .   Child: 1  Id: max [line: 26]
.   .   .   Child: 1  Compound [line: 26]
.   .   .   .   Child: 1  Assign: = [line: 27]
.   .   .   .   .   Child: 0  Id: r [line: 27]
.   .   .   .   .   Child: 1  Const of type int: 2 [line: 27]
.   .   .   .   Sibling: 1  While [line: 28]
.   .   .   .   .   Child: 0  Op: <= [line: 28]
.   .   .   .   .   .   Child: 0  Id: r [line: 28]
.   .   .   .   .   .   Child: 1  Op: / [line: 28]
.   .   .   .   .   .   .   Child: 0  Id: n [line: 28]
.   .   .   .   .   .   .   Child: 1  Const of type int: 2 [line: 28]
.   .   .   .   .   Child: 1  Compound [line: 28]
.   .   .   .   .   .   Child: 1  Call: output [line: 29]
.   .   .   .   .   .   .   Child: 0  Id: n [line: 29]
.   .   .   .   .   .   Sibling: 1  Call: output [line: 30]
.   .   .   .   .   .   .   Child: 0  Id: r [line: 30]
.   .   .   .   .   .   Sibling: 2  Call: output [line: 31]
.   .   .   .   .   .   .   Child: 0  Call: comb [line: 31]
.   .   .   .   .   .   .   .   Child: 0  Id: n [line: 31]
.   .   .   .   .   .   .   .   Sibling: 1  Id: r [line: 31]
.   .   .   .   .   .   Sibling: 3  Assign: = [line: 32]
.   .   .   .   .   .   .   Child: 0  Id: r [line: 32]
.   .   .   .   .   .   .   Child: 1  Op: + [line: 32]
.   .   .   .   .   .   .   .   Child: 0  Id: r [line: 32]
.   .   .   .   .   .   .   .   Child: 1  Const of type int: 1 [line: 32]
.   .   .   .   Sibling: 2  Assign: = [line: 34]
.   .   .   .   .   Child: 0  Id: n [line: 34]
.   .   .   .   .   Child: 1  Op: + [line: 34]
.   .   .   .   .   .   Child: 0  Id: n [line: 34]
.   .   .   .   .   .   Child: 1  Const of type int: 1 [line: 34]
