Var: fahrenheit of type int [line: 3]
.   Child: 0  Const of type int: 451 [line: 3]
Sibling: 1  Var: dieing of type bool [line: 4]
.   Child: 0  Op: AND [line: 4]
.   .   Child: 0  Const of type bool: false [line: 4]
.   .   Child: 1  Const of type bool: true [line: 4]
Sibling: 2  Func: carbon returns type int [line: 5]
.   Child: 1  Return [line: 5]
.   .   Child: 0  Const of type int: 6 [line: 5]
Sibling: 3  Func: fred returns type void [line: 7]
.   Child: 0  Parm: a of type int [line: 7]
.   Sibling: 1  Parm: b of type int [line: 7]
.   Sibling: 2  Parm: c of type char [line: 7]
.   Sibling: 3  Parm: d is array of type char [line: 7]
.   Sibling: 4  Parm: e of type bool [line: 7]
.   Sibling: 5  Parm: f is array of type bool [line: 7]
.   Child: 1  Compound [line: 7]
.   .   Child: 1  For [line: 8]
.   .   .   Child: 0  Var: x of type int [line: 8]
.   .   .   Child: 1  Range [line: 8]
.   .   .   .   Child: 0  Const of type int: 1 [line: 8]
.   .   .   .   Child: 1  Const of type int: 10 [line: 8]
.   .   .   .   Child: 2  Const of type int: 3 [line: 8]
.   .   .   Child: 2  Compound [line: 8]
.   .   .   .   Child: 1  While [line: 9]
.   .   .   .   .   Child: 0  Op: > [line: 9]
.   .   .   .   .   .   Child: 0  Id: x [line: 9]
.   .   .   .   .   .   Child: 1  Const of type int: 3 [line: 9]
.   .   .   .   .   Child: 1  Compound [line: 9]
.   .   .   .   .   .   Child: 1  If [line: 10]
.   .   .   .   .   .   .   Child: 0  Op: < [line: 10]
.   .   .   .   .   .   .   .   Child: 0  Id: x [line: 10]
.   .   .   .   .   .   .   .   Child: 1  Const of type int: 5 [line: 10]
.   .   .   .   .   .   .   Child: 1  Return [line: 10]
.   .   .   .   .   .   .   Child: 2  Break [line: 11]
.   .   .   .   .   .   Sibling: 1  If [line: 12]
.   .   .   .   .   .   .   Child: 0  Const of type bool: true [line: 12]
.   .   .   .   .   .   .   Child: 1  If [line: 12]
.   .   .   .   .   .   .   .   Child: 0  Op: == [line: 12]
.   .   .   .   .   .   .   .   .   Child: 0  Id: c [line: 12]
.   .   .   .   .   .   .   .   .   Child: 1  Const of type char: 'a' [line: 12]
.   .   .   .   .   .   .   .   Child: 1  Const of type int: 666 [line: 12]
.   .   .   .   .   .   .   .   Child: 2  Const of type int: 777 [line: 12]
.   .   .   .   .   .   Sibling: 2  Assign: = [line: 13]
.   .   .   .   .   .   .   Child: 0  Id: a [line: 13]
.   .   .   .   .   .   .   Child: 1  Assign: += [line: 13]
.   .   .   .   .   .   .   .   Child: 0  Id: b [line: 13]
.   .   .   .   .   .   .   .   Child: 1  Const of type int: 3 [line: 13]
.   .   .   .   .   .   Sibling: 3  Assign: *= [line: 14]
.   .   .   .   .   .   .   Child: 0  Id: a [line: 14]
.   .   .   .   .   .   .   Child: 1  Assign: /= [line: 14]
.   .   .   .   .   .   .   .   Child: 0  Id: b [line: 14]
.   .   .   .   .   .   .   .   Child: 1  Const of type int: 4 [line: 14]
.   .   .   .   .   .   Sibling: 4  Assign: ++ [line: 15]
.   .   .   .   .   .   .   Child: 0  Id: a [line: 15]
.   .   .   .   .   .   Sibling: 5  Assign: = [line: 16]
.   .   .   .   .   .   .   Child: 0  Id: e [line: 16]
.   .   .   .   .   .   .   Child: 1  Op: OR [line: 16]
.   .   .   .   .   .   .   .   Child: 0  Const of type bool: true [line: 16]
.   .   .   .   .   .   .   .   Child: 1  Op: AND [line: 16]
.   .   .   .   .   .   .   .   .   Child: 0  Const of type bool: false [line: 16]
.   .   .   .   .   .   .   .   .   Child: 1  Op: NOT [line: 16]
.   .   .   .   .   .   .   .   .   .   Child: 0  Const of type bool: false [line: 16]
.   .   .   .   .   .   Sibling: 6  Assign: = [line: 17]
.   .   .   .   .   .   .   Child: 0  Id: a [line: 17]
.   .   .   .   .   .   .   Child: 1  Op: :<: [line: 17]
.   .   .   .   .   .   .   .   Child: 0  Op: :>: [line: 17]
.   .   .   .   .   .   .   .   .   Child: 0  Id: a [line: 17]
.   .   .   .   .   .   .   .   .   Child: 1  Id: b [line: 17]
.   .   .   .   .   .   .   .   Child: 1  Id: c [line: 17]
.   .   .   .   .   .   Sibling: 7  Assign: -= [line: 18]
.   .   .   .   .   .   .   Child: 0  Id: b [line: 18]
.   .   .   .   .   .   .   Child: 1  Op: % [line: 18]
.   .   .   .   .   .   .   .   Child: 0  Op: / [line: 18]
.   .   .   .   .   .   .   .   .   Child: 0  Op: * [line: 18]
.   .   .   .   .   .   .   .   .   .   Child: 0  Id: a [line: 18]
.   .   .   .   .   .   .   .   .   .   Child: 1  Id: b [line: 18]
.   .   .   .   .   .   .   .   .   Child: 1  Const of type int: 5 [line: 18]
.   .   .   .   .   .   .   .   Child: 1  Const of type int: 13 [line: 18]
.   .   .   .   .   .   Sibling: 8  Assign: -- [line: 19]
.   .   .   .   .   .   .   Child: 0  Id: b [line: 19]
.   .   .   .   .   .   Sibling: 9  Op: CHSIGN [line: 20]
.   .   .   .   .   .   .   Child: 0  Op: CHSIGN [line: 20]
.   .   .   .   .   .   .   .   Child: 0  Id: b [line: 20]
.   .   .   .   .   .   Sibling: 10  Op: ? [line: 21]
.   .   .   .   .   .   .   Child: 0  Op: SIZEOF [line: 21]
.   .   .   .   .   .   .   .   Child: 0  Id: f [line: 21]
.   .   .   .   .   .   Sibling: 11  Op: + [line: 22]
.   .   .   .   .   .   .   Child: 0  Op: [ [line: 22]
.   .   .   .   .   .   .   .   Child: 0  Id: e [line: 22]
.   .   .   .   .   .   .   .   Child: 1  Const of type int: 5 [line: 22]
.   .   .   .   .   .   .   Child: 1  Op: [ [line: 22]
.   .   .   .   .   .   .   .   Child: 0  Id: e [line: 22]
.   .   .   .   .   .   .   .   Child: 1  Const of type int: 6 [line: 22]
.   .   .   .   .   .   Sibling: 12  Op: [ [line: 23]
.   .   .   .   .   .   .   Child: 0  Id: e [line: 23]
.   .   .   .   .   .   .   Child: 1  Op: [ [line: 23]
.   .   .   .   .   .   .   .   Child: 0  Id: e [line: 23]
.   .   .   .   .   .   .   .   Child: 1  Const of type int: 0 [line: 23]
.   .   .   .   .   .   Sibling: 13  Assign: = [line: 24]
.   .   .   .   .   .   .   Child: 0  Id: c [line: 24]
.   .   .   .   .   .   .   Child: 1  Const of type char: 'x' [line: 24]
.   .   .   .   .   .   Sibling: 14  Assign: = [line: 25]
.   .   .   .   .   .   .   Child: 0  Id: d [line: 25]
.   .   .   .   .   .   .   Child: 1  Const is array of type char: "horses" [line: 25]
.   .   .   .   .   .   Sibling: 15  Call: carbon [line: 26]
.   .   .   .   .   .   Sibling: 16  Return [line: 27]
.   .   Sibling: 1  For [line: 30]
.   .   .   Child: 0  Var: i of type int [line: 30]
.   .   .   Child: 1  Range [line: 30]
.   .   .   .   Child: 0  Id: a [line: 30]
.   .   .   .   Child: 1  Op: * [line: 30]
.   .   .   .   .   Child: 0  Const of type int: 107 [line: 30]
.   .   .   .   .   Child: 1  Id: b [line: 30]
.   .   .   Child: 2  Compound [line: 30]
.   .   .   .   Child: 0  Var: x of type int [line: 30]
.   .   Sibling: 2  If [line: 31]
.   .   .   Child: 0  Const of type bool: true [line: 31]
Sibling: 4  Func: main returns type void [line: 34]
.   Child: 1  Compound [line: 34]
.   .   Child: 0  Var: a of type int [line: 35]
.   .   Sibling: 1  Var: b is array of type int [line: 35]
.   .   Sibling: 2  Var: c of type char [line: 36]
.   .   Sibling: 3  Var: d is array of type char [line: 36]
.   .   Sibling: 4  Var: e of type bool [line: 37]
.   .   Sibling: 5  Var: f is array of type bool [line: 37]
.   .   Sibling: 6  Var: g of type int [line: 38]
.   .   Child: 1  Call: fred [line: 39]
.   .   .   Child: 0  Const of type int: 101 [line: 39]
.   .   .   Sibling: 1  Id: b [line: 39]
.   .   .   Sibling: 2  Const of type char: 'q' [line: 39]
.   .   .   Sibling: 3  Id: d [line: 39]
.   .   .   Sibling: 4  Id: e [line: 39]
.   .   .   Sibling: 5  Id: f [line: 39]
