Var: g of type int [line: 3]
Sibling: 1  Func: carbon returns type int [line: 5]
.   Child: 1  Return [line: 6]
.   .   Child: 0  Const of type int: 6 [line: 7]
Sibling: 2  Func: fred returns type void [line: 8]
.   Child: 0  Parm: a of type int [line: 9]
.   Sibling: 1  Parm: b of type int [line: 10]
.   Sibling: 2  Parm: c of type char [line: 12]
.   Sibling: 3  Parm: d is array of type char [line: 13]
.   Sibling: 4  Parm: e of type bool [line: 15]
.   Sibling: 5  Parm: f is array of type bool [line: 16]
.   Child: 1  Compound [line: 17]
.   .   Child: 1  For [line: 18]
.   .   .   Child: 0  Var: x of type int [line: 19]
.   .   .   Child: 1  Range [line: 22]
.   .   .   .   Child: 0  Const of type int: 1 [line: 21]
.   .   .   .   Child: 1  Const of type int: 10 [line: 23]
.   .   .   .   Child: 2  Const of type int: 3 [line: 25]
.   .   .   Child: 2  Compound [line: 27]
.   .   .   .   Child: 1  While [line: 28]
.   .   .   .   .   Child: 0  Op: > [line: 29]
.   .   .   .   .   .   Child: 0  Id: x [line: 29]
.   .   .   .   .   .   Child: 1  Const of type int: 3 [line: 29]
.   .   .   .   .   Child: 1  Compound [line: 31]
.   .   .   .   .   .   Child: 1  If [line: 32]
.   .   .   .   .   .   .   Child: 0  Op: < [line: 33]
.   .   .   .   .   .   .   .   Child: 0  Id: x [line: 33]
.   .   .   .   .   .   .   .   Child: 1  Const of type int: 5 [line: 33]
.   .   .   .   .   .   .   Child: 1  Return [line: 35]
.   .   .   .   .   .   .   Child: 2  Break [line: 37]
.   .   .   .   .   .   Sibling: 1  If [line: 38]
.   .   .   .   .   .   .   Child: 0  Const of type bool: true [line: 39]
.   .   .   .   .   .   .   Child: 1  If [line: 41]
.   .   .   .   .   .   .   .   Child: 0  Op: == [line: 43]
.   .   .   .   .   .   .   .   .   Child: 0  Id: c [line: 42]
.   .   .   .   .   .   .   .   .   Child: 1  Const is array of type char: "a" [line: 44]
.   .   .   .   .   .   .   .   Child: 1  Const of type int: 666 [line: 46]
.   .   .   .   .   .   .   .   Child: 2  Const of type int: 777 [line: 48]
.   .   .   .   .   .   Sibling: 2  Assign: = [line: 50]
.   .   .   .   .   .   .   Child: 0  Id: a [line: 49]
.   .   .   .   .   .   .   Child: 1  Assign: += [line: 52]
.   .   .   .   .   .   .   .   Child: 0  Id: b [line: 51]
.   .   .   .   .   .   .   .   Child: 1  Const of type int: 3 [line: 53]
.   .   .   .   .   .   Sibling: 3  Assign: *= [line: 55]
.   .   .   .   .   .   .   Child: 0  Id: a [line: 54]
.   .   .   .   .   .   .   Child: 1  Assign: /= [line: 57]
.   .   .   .   .   .   .   .   Child: 0  Id: b [line: 56]
.   .   .   .   .   .   .   .   Child: 1  Const of type int: 4 [line: 58]
.   .   .   .   .   .   Sibling: 4  Assign: ++ [line: 59]
.   .   .   .   .   .   .   Child: 0  Id: a [line: 59]
.   .   .   .   .   .   Sibling: 5  Assign: = [line: 61]
.   .   .   .   .   .   .   Child: 0  Id: e [line: 60]
.   .   .   .   .   .   .   Child: 1  Op: OR [line: 63]
.   .   .   .   .   .   .   .   Child: 0  Const of type bool: true [line: 62]
.   .   .   .   .   .   .   .   Child: 1  Op: AND [line: 65]
.   .   .   .   .   .   .   .   .   Child: 0  Const of type bool: false [line: 64]
.   .   .   .   .   .   .   .   .   Child: 1  Op: NOT [line: 66]
.   .   .   .   .   .   .   .   .   .   Child: 0  Const of type bool: false [line: 67]
.   .   .   .   .   .   Sibling: 6  Assign: = [line: 69]
.   .   .   .   .   .   .   Child: 0  Id: a [line: 68]
.   .   .   .   .   .   .   Child: 1  Op: :<: [line: 73]
.   .   .   .   .   .   .   .   Child: 0  Op: :>: [line: 71]
.   .   .   .   .   .   .   .   .   Child: 0  Id: a [line: 70]
.   .   .   .   .   .   .   .   .   Child: 1  Id: b [line: 72]
.   .   .   .   .   .   .   .   Child: 1  Id: c [line: 74]
.   .   .   .   .   .   Sibling: 7  Op: % [line: 80]
.   .   .   .   .   .   .   Child: 0  Op: / [line: 78]
.   .   .   .   .   .   .   .   Child: 0  Op: * [line: 76]
.   .   .   .   .   .   .   .   .   Child: 0  Id: a [line: 75]
.   .   .   .   .   .   .   .   .   Child: 1  Id: b [line: 77]
.   .   .   .   .   .   .   .   Child: 1  Const of type int: 5 [line: 79]
.   .   .   .   .   .   .   Child: 1  Const of type int: 13 [line: 81]
.   .   .   .   .   .   Sibling: 8  Assign: -- [line: 83]
.   .   .   .   .   .   .   Child: 0  Id: b [line: 82]
.   .   .   .   .   .   Sibling: 9  Op: CHSIGN [line: 84]
.   .   .   .   .   .   .   Child: 0  Op: CHSIGN [line: 85]
.   .   .   .   .   .   .   .   Child: 0  Id: b [line: 85]
.   .   .   .   .   .   Sibling: 10  Op: ? [line: 86]
.   .   .   .   .   .   .   Child: 0  Op: SIZEOF [line: 86]
.   .   .   .   .   .   .   .   Child: 0  Id: f [line: 86]
.   .   .   .   .   .   Sibling: 11  Op: + [line: 88]
.   .   .   .   .   .   .   Child: 0  Op: [ [line: 87]
.   .   .   .   .   .   .   .   Child: 0  Id: e [line: 87]
.   .   .   .   .   .   .   .   Child: 1  Const of type int: 5 [line: 87]
.   .   .   .   .   .   .   Child: 1  Op: [ [line: 89]
.   .   .   .   .   .   .   .   Child: 0  Id: e [line: 89]
.   .   .   .   .   .   .   .   Child: 1  Const of type int: 6 [line: 89]
.   .   .   .   .   .   Sibling: 12  Op: [ [line: 90]
.   .   .   .   .   .   .   Child: 0  Id: e [line: 90]
.   .   .   .   .   .   .   Child: 1  Op: [ [line: 90]
.   .   .   .   .   .   .   .   Child: 0  Id: e [line: 90]
.   .   .   .   .   .   .   .   Child: 1  Const of type int: 0 [line: 90]
.   .   .   .   .   .   Sibling: 13  Assign: = [line: 92]
.   .   .   .   .   .   .   Child: 0  Id: c [line: 91]
.   .   .   .   .   .   .   Child: 1  Const of type char: 'x' [line: 93]
.   .   .   .   .   .   Sibling: 14  Assign: = [line: 95]
.   .   .   .   .   .   .   Child: 0  Id: d [line: 94]
.   .   .   .   .   .   .   Child: 1  Const is array of type char: "horses" [line: 96]
.   .   .   .   .   .   Sibling: 15  Call: carbon [line: 97]
.   .   .   .   .   .   Sibling: 16  Return [line: 98]
Sibling: 3  Func: main returns type void [line: 102]
.   Child: 1  Compound [line: 103]
.   .   Child: 0  Var: a of type int [line: 105]
.   .   Sibling: 1  Var: b is array of type int [line: 106]
.   .   Sibling: 2  Var: c of type char [line: 108]
.   .   Sibling: 3  Var: d is array of type char [line: 109]
.   .   Sibling: 4  Var: e of type bool [line: 111]
.   .   Sibling: 5  Var: f is array of type bool [line: 112]
.   .   Sibling: 6  Var: g of type int [line: 115]
