Func: gcd returns type int [line: 2]
.   Child: 0  Parm: u of type int [line: 2]
.   Sibling: 1  Parm: v of type int [line: 2]
.   Child: 1  Compound [line: 3]
.   .   Child: 1  If [line: 4]
.   .   .   Child: 0  Op: == [line: 4]
.   .   .   .   Child: 0  Id: v [line: 4]
.   .   .   .   Child: 1  Const of type int: 0 [line: 4]
.   .   .   Child: 1  Return [line: 4]
.   .   .   .   Child: 0  Id: u [line: 4]
.   .   .   Child: 2  Return [line: 5]
.   .   .   .   Child: 0  Call: gcd [line: 5]
.   .   .   .   .   Child: 0  Id: v [line: 5]
.   .   .   .   .   Sibling: 1  Op: - [line: 5]
.   .   .   .   .   .   Child: 0  Id: u [line: 5]
.   .   .   .   .   .   Child: 1  Op: * [line: 5]
.   .   .   .   .   .   .   Child: 0  Op: / [line: 5]
.   .   .   .   .   .   .   .   Child: 0  Id: u [line: 5]
.   .   .   .   .   .   .   .   Child: 1  Id: v [line: 5]
.   .   .   .   .   .   .   Child: 1  Id: v [line: 5]
Sibling: 1  Func: main returns type void [line: 8]
.   Child: 1  Compound [line: 9]
.   .   Child: 1  Call: output [line: 10]
.   .   .   Child: 0  Call: gcd [line: 10]
.   .   .   .   Child: 0  Call: input [line: 10]
.   .   .   .   Sibling: 1  Call: input [line: 10]
.   .   Sibling: 1  Call: outnl [line: 11]
