Var: a of type int [line: 1]
Sibling: 1  Var: dogs of type int [line: 3]
Sibling: 2  Func: dogs returns type bool [line: 5]
.   Child: 0  Parm: x of type int [line: 5]
.   Sibling: 1  Parm: y of type int [line: 5]
.   Child: 1  Compound [line: 6]
.   .   Child: 1  Return [line: 7]
.   .   .   Child: 0  Const of type bool: false [line: 7]
Sibling: 3  Func: cats returns type int [line: 10]
.   Child: 1  Compound [line: 11]
.   .   Child: 1  Assign: = [line: 12]
.   .   .   Child: 0  Id: a [line: 12]
.   .   .   Child: 1  Call: dogs [line: 12]
.   .   .   .   Child: 0  Id: a [line: 12]
.   .   .   .   Sibling: 1  Const of type char: 'z' [line: 12]
.   .   Sibling: 1  Assign: = [line: 13]
.   .   .   Child: 0  Id: a [line: 13]
.   .   .   Child: 1  Const of type int: 666 [line: 13]
.   .   Sibling: 2  Assign: ++ [line: 14]
.   .   .   Child: 0  Id: z [line: 14]
.   .   Sibling: 3  Return [line: 15]
.   .   .   Child: 0  Id: a [line: 15]
